Component: ARM Compiler 5.06 update 7 (build 960) Tool: armlink [4d3601]

==============================================================================

Section Cross References

    startup_stm32f030x6.o(RESET) refers to startup_stm32f030x6.o(STACK) for __initial_sp
    startup_stm32f030x6.o(RESET) refers to startup_stm32f030x6.o(.text) for Reset_Handler
    startup_stm32f030x6.o(RESET) refers to stm32f0xx_it.o(i.NMI_Handler) for NMI_Handler
    startup_stm32f030x6.o(RESET) refers to stm32f0xx_it.o(i.HardFault_Handler) for HardFault_Handler
    startup_stm32f030x6.o(RESET) refers to stm32f0xx_it.o(i.SVC_Handler) for SVC_Handler
    startup_stm32f030x6.o(RESET) refers to stm32f0xx_it.o(i.PendSV_Handler) for PendSV_Handler
    startup_stm32f030x6.o(RESET) refers to stm32f0xx_it.o(i.SysTick_Handler) for SysTick_Handler
    startup_stm32f030x6.o(RESET) refers to stm32f0xx_it.o(i.TIM1_BRK_UP_TRG_COM_IRQHandler) for TIM1_BRK_UP_TRG_COM_IRQHandler
    startup_stm32f030x6.o(RESET) refers to stm32f0xx_it.o(i.USART1_IRQHandler) for USART1_IRQHandler
    startup_stm32f030x6.o(.text) refers to system_stm32f0xx.o(i.SystemInit) for SystemInit
    startup_stm32f030x6.o(.text) refers to entry.o(.ARM.Collect$$$$00000000) for __main
    delay.o(i.delay_init) refers to stm32f0xx_hal_cortex.o(i.HAL_SYSTICK_CLKSourceConfig) for HAL_SYSTICK_CLKSourceConfig
    delay.o(i.delay_init) refers to delay.o(.data) for .data
    delay.o(i.delay_ms) refers to delay.o(i.delay_us) for delay_us
    delay.o(i.delay_us) refers to delay.o(.data) for .data
    main.o(i.HAL_TIM_PeriodElapsedCallback) refers to main.o(.data) for .data
    main.o(i.HAL_UART_RxCpltCallback) refers to mcu_api.o(i.uart_receive_input) for uart_receive_input
    main.o(i.HAL_UART_RxCpltCallback) refers to stm32f0xx_hal_uart.o(i.HAL_UART_Receive_IT) for HAL_UART_Receive_IT
    main.o(i.HAL_UART_RxCpltCallback) refers to main.o(.data) for .data
    main.o(i.HAL_UART_RxCpltCallback) refers to usart.o(.bss) for huart1
    main.o(i.HAL_UART_RxCpltCallback) refers to main.o(.bss) for .bss
    main.o(i.SystemClock_Config) refers to memseta.o(.text) for __aeabi_memclr4
    main.o(i.SystemClock_Config) refers to stm32f0xx_hal_rcc.o(i.HAL_RCC_OscConfig) for HAL_RCC_OscConfig
    main.o(i.SystemClock_Config) refers to stm32f0xx_hal_rcc.o(i.HAL_RCC_ClockConfig) for HAL_RCC_ClockConfig
    main.o(i.SystemClock_Config) refers to stm32f0xx_hal_rcc_ex.o(i.HAL_RCCEx_PeriphCLKConfig) for HAL_RCCEx_PeriphCLKConfig
    main.o(i.main) refers to stm32f0xx_hal.o(i.HAL_Init) for HAL_Init
    main.o(i.main) refers to main.o(i.SystemClock_Config) for SystemClock_Config
    main.o(i.main) refers to gpio.o(i.MX_GPIO_Init) for MX_GPIO_Init
    main.o(i.main) refers to usart.o(i.MX_USART1_UART_Init) for MX_USART1_UART_Init
    main.o(i.main) refers to rtc.o(i.MX_RTC_Init) for MX_RTC_Init
    main.o(i.main) refers to tim.o(i.MX_TIM1_Init) for MX_TIM1_Init
    main.o(i.main) refers to mcu_api.o(i.wifi_protocol_init) for wifi_protocol_init
    main.o(i.main) refers to stm32f0xx_hal_uart.o(i.HAL_UART_Receive_IT) for HAL_UART_Receive_IT
    main.o(i.main) refers to delay.o(i.delay_init) for delay_init
    main.o(i.main) refers to tm1620.o(i.TM1620_Init) for TM1620_Init
    main.o(i.main) refers to stm32f0xx_hal_gpio.o(i.HAL_GPIO_WritePin) for HAL_GPIO_WritePin
    main.o(i.main) refers to stm32f0xx_hal_tim.o(i.HAL_TIM_Base_Start_IT) for HAL_TIM_Base_Start_IT
    main.o(i.main) refers to mcu_api.o(i.wifi_uart_service) for wifi_uart_service
    main.o(i.main) refers to mcu_api.o(i.mcu_get_wifi_work_state) for mcu_get_wifi_work_state
    main.o(i.main) refers to key.o(i.KEY_Scan) for KEY_Scan
    main.o(i.main) refers to mcu_api.o(i.mcu_set_wifi_mode) for mcu_set_wifi_mode
    main.o(i.main) refers to dht11.o(i.DHT11_ReadData) for DHT11_ReadData
    main.o(i.main) refers to mcu_api.o(i.mcu_dp_value_update) for mcu_dp_value_update
    main.o(i.main) refers to mcu_api.o(i.mcu_get_system_time) for mcu_get_system_time
    main.o(i.main) refers to stm32f0xx_hal_rtc.o(i.HAL_RTC_GetTime) for HAL_RTC_GetTime
    main.o(i.main) refers to stm32f0xx_hal_rtc.o(i.HAL_RTC_GetDate) for HAL_RTC_GetDate
    main.o(i.main) refers to printf6.o(i.__0sprintf$6) for __2sprintf
    main.o(i.main) refers to tm1620.o(i.TM1620_Print) for TM1620_Print
    main.o(i.main) refers to main.o(.data) for .data
    main.o(i.main) refers to usart.o(.bss) for huart1
    main.o(i.main) refers to tim.o(.bss) for htim1
    main.o(i.main) refers to main.o(.bss) for .bss
    main.o(i.main) refers to rtc.o(.bss) for hrtc
    main.o(.data) refers to main.o(.bss) for msg_buff
    gpio.o(i.MX_GPIO_Init) refers to memseta.o(.text) for __aeabi_memclr4
    gpio.o(i.MX_GPIO_Init) refers to stm32f0xx_hal_gpio.o(i.HAL_GPIO_WritePin) for HAL_GPIO_WritePin
    gpio.o(i.MX_GPIO_Init) refers to stm32f0xx_hal_gpio.o(i.HAL_GPIO_Init) for HAL_GPIO_Init
    rtc.o(i.MX_RTC_Init) refers to memseta.o(.text) for __aeabi_memclr4
[...]
    Removing stm32f0xx_hal_tim_ex.o(i.TIMEx_DMACommutationHalfCplt), (16 bytes).
    Removing stm32f0xx_hal_tim_ex.o(i.TIM_CCxNChannelCmd), (26 bytes).
    Removing stm32f0xx_hal_tim_ex.o(i.TIM_DMADelayPulseNCplt), (102 bytes).
    Removing stm32f0xx_hal_tim_ex.o(i.TIM_DMAErrorCCxN), (62 bytes).
    Removing stm32f0xx_hal_uart.o(.rev16_text), (4 bytes).
    Removing stm32f0xx_hal_uart.o(.revsh_text), (4 bytes).
    Removing stm32f0xx_hal_uart.o(i.HAL_HalfDuplex_EnableReceiver), (54 bytes).
    Removing stm32f0xx_hal_uart.o(i.HAL_HalfDuplex_EnableTransmitter), (54 bytes).
    Removing stm32f0xx_hal_uart.o(i.HAL_HalfDuplex_Init), (106 bytes).
    Removing stm32f0xx_hal_uart.o(i.HAL_MultiProcessor_DisableMuteMode), (46 bytes).
    Removing stm32f0xx_hal_uart.o(i.HAL_MultiProcessor_EnableMuteMode), (46 bytes).
    Removing stm32f0xx_hal_uart.o(i.HAL_MultiProcessor_EnterMuteMode), (12 bytes).
    Removing stm32f0xx_hal_uart.o(i.HAL_MultiProcessor_Init), (138 bytes).
    Removing stm32f0xx_hal_uart.o(i.HAL_UART_Abort), (182 bytes).
    Removing stm32f0xx_hal_uart.o(i.HAL_UART_AbortCpltCallback), (2 bytes).
    Removing stm32f0xx_hal_uart.o(i.HAL_UART_AbortReceive), (128 bytes).
    Removing stm32f0xx_hal_uart.o(i.HAL_UART_AbortReceiveCpltCallback), (2 bytes).
    Removing stm32f0xx_hal_uart.o(i.HAL_UART_AbortReceive_IT), (144 bytes).
    Removing stm32f0xx_hal_uart.o(i.HAL_UART_AbortTransmit), (84 bytes).
    Removing stm32f0xx_hal_uart.o(i.HAL_UART_AbortTransmitCpltCallback), (2 bytes).
    Removing stm32f0xx_hal_uart.o(i.HAL_UART_AbortTransmit_IT), (88 bytes).
    Removing stm32f0xx_hal_uart.o(i.HAL_UART_Abort_IT), (224 bytes).
    Removing stm32f0xx_hal_uart.o(i.HAL_UART_DMAPause), (94 bytes).
    Removing stm32f0xx_hal_uart.o(i.HAL_UART_DMAResume), (86 bytes).
    Removing stm32f0xx_hal_uart.o(i.HAL_UART_DMAStop), (126 bytes).
    Removing stm32f0xx_hal_uart.o(i.HAL_UART_DeInit), (62 bytes).
    Removing stm32f0xx_hal_uart.o(i.HAL_UART_DisableReceiverTimeout), (52 bytes).
    Removing stm32f0xx_hal_uart.o(i.HAL_UART_EnableReceiverTimeout), (52 bytes).
    Removing stm32f0xx_hal_uart.o(i.HAL_UART_GetError), (6 bytes).
    Removing stm32f0xx_hal_uart.o(i.HAL_UART_GetState), (10 bytes).
    Removing stm32f0xx_hal_uart.o(i.HAL_UART_MspDeInit), (2 bytes).
    Removing stm32f0xx_hal_uart.o(i.HAL_UART_MspInit), (2 bytes).
    Removing stm32f0xx_hal_uart.o(i.HAL_UART_Receive), (252 bytes).
    Removing stm32f0xx_hal_uart.o(i.HAL_UART_Receive_DMA), (86 bytes).
    Removing stm32f0xx_hal_uart.o(i.HAL_UART_ReceiverTimeout_Config), (14 bytes).
    Removing stm32f0xx_hal_uart.o(i.HAL_UART_RxCpltCallback), (2 bytes).
    Removing stm32f0xx_hal_uart.o(i.HAL_UART_RxHalfCpltCallback), (2 bytes).
    Removing stm32f0xx_hal_uart.o(i.HAL_UART_Transmit_DMA), (176 bytes).
    Removing stm32f0xx_hal_uart.o(i.HAL_UART_Transmit_IT), (120 bytes).
    Removing stm32f0xx_hal_uart.o(i.HAL_UART_TxHalfCpltCallback), (2 bytes).
    Removing stm32f0xx_hal_uart.o(i.UART_DMAError), (76 bytes).
    Removing stm32f0xx_hal_uart.o(i.UART_DMAReceiveCplt), (92 bytes).
    Removing stm32f0xx_hal_uart.o(i.UART_DMARxAbortCallback), (64 bytes).
    Removing stm32f0xx_hal_uart.o(i.UART_DMARxHalfCplt), (28 bytes).
    Removing stm32f0xx_hal_uart.o(i.UART_DMARxOnlyAbortCallback), (38 bytes).
    Removing stm32f0xx_hal_uart.o(i.UART_DMATransmitCplt), (46 bytes).
    Removing stm32f0xx_hal_uart.o(i.UART_DMATxAbortCallback), (54 bytes).
    Removing stm32f0xx_hal_uart.o(i.UART_DMATxHalfCplt), (10 bytes).
    Removing stm32f0xx_hal_uart.o(i.UART_DMATxOnlyAbortCallback), (20 bytes).
    Removing stm32f0xx_hal_uart.o(i.UART_EndTxTransfer), (16 bytes).
    Removing stm32f0xx_hal_uart.o(i.UART_Start_Receive_DMA), (140 bytes).
    Removing stm32f0xx_hal_uart.o(i.UART_TxISR_16BIT), (64 bytes).
    Removing stm32f0xx_hal_uart.o(i.UART_TxISR_8BIT), (60 bytes).
    Removing stm32f0xx_hal_uart_ex.o(.rev16_text), (4 bytes).
    Removing stm32f0xx_hal_uart_ex.o(.revsh_text), (4 bytes).
    Removing stm32f0xx_hal_uart_ex.o(i.HAL_MultiProcessorEx_AddressLength_Set), (52 bytes).
    Removing stm32f0xx_hal_uart_ex.o(i.HAL_RS485Ex_Init), (136 bytes).
    Removing stm32f0xx_hal_uart_ex.o(i.HAL_UARTEx_ReceiveToIdle), (312 bytes).
    Removing stm32f0xx_hal_uart_ex.o(i.HAL_UARTEx_ReceiveToIdle_DMA), (94 bytes).
    Removing stm32f0xx_hal_uart_ex.o(i.HAL_UARTEx_ReceiveToIdle_IT), (94 bytes).
    Removing system_stm32f0xx.o(.rev16_text), (4 bytes).
    Removing system_stm32f0xx.o(.revsh_text), (4 bytes).
    Removing system_stm32f0xx.o(i.SystemCoreClockUpdate), (108 bytes).
    Removing segger_rtt.o(i.SEGGER_RTT_AllocDownBuffer), (100 bytes).
    Removing segger_rtt.o(i.SEGGER_RTT_AllocUpBuffer), (100 bytes).
    Removing segger_rtt.o(i.SEGGER_RTT_ConfigDownBuffer), (88 bytes).
    Removing segger_rtt.o(i.SEGGER_RTT_ConfigUpBuffer), (88 bytes).
    Removing segger_rtt.o(i.SEGGER_RTT_GetAvailWriteSpace), (24 bytes).
    Removing segger_rtt.o(i.SEGGER_RTT_GetBytesInBuffer), (32 bytes).
    Removing segger_rtt.o(i.SEGGER_RTT_GetKey), (28 bytes).
    Removing segger_rtt.o(i.SEGGER_RTT_HasData), (20 bytes).
    Removing segger_rtt.o(i.SEGGER_RTT_HasDataUp), (20 bytes).
    Removing segger_rtt.o(i.SEGGER_RTT_HasKey), (36 bytes).
    Removing segger_rtt.o(i.SEGGER_RTT_Init), (8 bytes).
    Removing segger_rtt.o(i.SEGGER_RTT_PutChar), (96 bytes).
    Removing segger_rtt.o(i.SEGGER_RTT_PutCharSkip), (84 bytes).
    Removing segger_rtt.o(i.SEGGER_RTT_PutCharSkipNoLock), (52 bytes).
    Removing segger_rtt.o(i.SEGGER_RTT_Read), (24 bytes).
    Removing segger_rtt.o(i.SEGGER_RTT_ReadNoLock), (128 bytes).
    Removing segger_rtt.o(i.SEGGER_RTT_ReadUpBuffer), (24 bytes).
    Removing segger_rtt.o(i.SEGGER_RTT_ReadUpBufferNoLock), (128 bytes).
    Removing segger_rtt.o(i.SEGGER_RTT_SetFlagsDownBuffer), (64 bytes).
    Removing segger_rtt.o(i.SEGGER_RTT_SetFlagsUpBuffer), (64 bytes).
    Removing segger_rtt.o(i.SEGGER_RTT_SetNameDownBuffer), (64 bytes).
    Removing segger_rtt.o(i.SEGGER_RTT_SetNameUpBuffer), (64 bytes).
    Removing segger_rtt.o(i.SEGGER_RTT_SetTerminal), (132 bytes).
    Removing segger_rtt.o(i.SEGGER_RTT_TerminalOut), (172 bytes).
    Removing segger_rtt.o(i.SEGGER_RTT_WaitKey), (12 bytes).
    Removing segger_rtt.o(i.SEGGER_RTT_Write), (52 bytes).
    Removing segger_rtt.o(i.SEGGER_RTT_WriteDownBuffer), (52 bytes).
    Removing segger_rtt.o(i.SEGGER_RTT_WriteDownBufferNoLock), (92 bytes).
    Removing segger_rtt.o(i.SEGGER_RTT_WriteNoLock), (92 bytes).
    Removing segger_rtt.o(i.SEGGER_RTT_WriteSkipNoLock), (108 bytes).
    Removing segger_rtt.o(i.SEGGER_RTT_WriteString), (24 bytes).
    Removing segger_rtt.o(i.SEGGER_RTT_WriteWithOverwriteNoLock), (144 bytes).
    Removing segger_rtt.o(i._DoInit), (108 bytes).
    Removing segger_rtt.o(i._GetAvailWriteSpace), (22 bytes).
    Removing segger_rtt.o(i._PostTerminalSwitch), (32 bytes).
    Removing segger_rtt.o(i._WriteBlocking), (96 bytes).
    Removing segger_rtt.o(i._WriteNoCheck), (60 bytes).
    Removing segger_rtt.o(.bss), (1208 bytes).
    Removing segger_rtt.o(.data), (17 bytes).
    Removing segger_rtt_printf.o(i.SEGGER_RTT_printf), (24 bytes).
    Removing segger_rtt_printf.o(i.SEGGER_RTT_vprintf), (404 bytes).
    Removing segger_rtt_printf.o(i._PrintInt), (200 bytes).
    Removing segger_rtt_printf.o(i._PrintUnsigned), (216 bytes).
    Removing segger_rtt_printf.o(i._StoreChar), (62 bytes).
    Removing segger_rtt_printf.o(.constdata), (16 bytes).
    Removing dht11.o(.rev16_text), (4 bytes).
    Removing dht11.o(.revsh_text), (4 bytes).
    Removing tm1620.o(.rev16_text), (4 bytes).
    Removing tm1620.o(.revsh_text), (4 bytes).
    Removing tm1620.o(i.TM1620_Display), (20 bytes).
    Removing tm1620.o(i.TM1620_LowLevel_Init), (100 bytes).
    Removing stm_flash.o(.rev16_text), (4 bytes).
    Removing stm_flash.o(.revsh_text), (4 bytes).
    Removing key.o(.rev16_text), (4 bytes).
    Removing key.o(.revsh_text), (4 bytes).
    Removing key.o(i.KEY_Init), (2 bytes).
    Removing modbus.o(.rev16_text), (4 bytes).
    Removing modbus.o(.revsh_text), (4 bytes).
    Removing modbus.o(i.CheckCRC), (72 bytes).
    Removing mcu_api.o(.rev16_text), (4 bytes).
    Removing mcu_api.o(.revsh_text), (4 bytes).
    Removing mcu_api.o(i.byte_to_int), (22 bytes).
    Removing mcu_api.o(i.hex_to_bcd), (74 bytes).
    Removing mcu_api.o(i.int_to_byte), (16 bytes).
    Removing mcu_api.o(i.mcu_dp_bool_update), (72 bytes).
    Removing mcu_api.o(i.mcu_dp_enum_update), (64 bytes).
    Removing mcu_api.o(i.mcu_dp_fault_update), (104 bytes).
    Removing mcu_api.o(i.mcu_dp_raw_update), (68 bytes).
    Removing mcu_api.o(i.mcu_dp_string_update), (68 bytes).
    Removing mcu_api.o(i.mcu_get_dp_download_bool), (4 bytes).
    Removing mcu_api.o(i.mcu_get_dp_download_enum), (4 bytes).
    Removing mcu_api.o(i.mcu_get_dp_download_value), (8 bytes).
    Removing mcu_api.o(i.mcu_get_green_time), (14 bytes).
    Removing mcu_api.o(i.mcu_get_reset_wifi_flag), (12 bytes).
    Removing mcu_api.o(i.mcu_get_wifimode_flag), (12 bytes).
    Removing mcu_api.o(i.mcu_reset_wifi), (24 bytes).
    Removing mcu_api.o(i.mcu_start_wifitest), (14 bytes).
    Removing mcu_api.o(i.my_memset), (24 bytes).
    Removing mcu_api.o(i.my_strcmp), (30 bytes).
    Removing mcu_api.o(i.my_strcpy), (36 bytes).
    Removing mcu_api.o(i.uart_receive_buff_input), (26 bytes).
    Removing protocol.o(.rev16_text), (4 bytes).
    Removing protocol.o(.revsh_text), (4 bytes).
    Removing system.o(.rev16_text), (4 bytes).
    Removing system.o(.revsh_text), (4 bytes).
    Removing dadd.o(.text), (360 bytes).
    Removing dmul.o(.text), (208 bytes).
    Removing ddiv.o(.text), (240 bytes).
    Removing dfixul.o(.text), (64 bytes).
    Removing cdrcmple.o(.text), (40 bytes).
    Removing depilogue.o(.text), (190 bytes).
    Removing depilogue.o(i.__ARM_clz), (46 bytes).

574 unused section(s) (total 45108 bytes) removed from the image.

==============================================================================

Image Symbol Table

    Local Symbols

    Symbol Name                              Value     Ov Type        Size  Object(Section)

    ../Core/Src/gpio.c                       0x00000000   Number         0  gpio.o ABSOLUTE
    ../Core/Src/main.c                       0x00000000   Number         0  main.o ABSOLUTE
    ../Core/Src/rtc.c                        0x00000000   Number         0  rtc.o ABSOLUTE
    ../Core/Src/stm32f0xx_hal_msp.c          0x00000000   Number         0  stm32f0xx_hal_msp.o ABSOLUTE
    ../Core/Src/stm32f0xx_it.c               0x00000000   Number         0  stm32f0xx_it.o ABSOLUTE
    ../Core/Src/system_stm32f0xx.c           0x00000000   Number         0  system_stm32f0xx.o ABSOLUTE
    ../Core/Src/tim.c                        0x00000000   Number         0  tim.o ABSOLUTE
    ../Core/Src/usart.c                      0x00000000   Number         0  usart.o ABSOLUTE
    ../Drivers/STM32F0xx_HAL_Driver/Src/stm32f0xx_hal.c 0x00000000   Number         0  stm32f0xx_hal.o ABSOLUTE
    ../Drivers/STM32F0xx_HAL_Driver/Src/stm32f0xx_hal_cortex.c 0x00000000   Number         0  stm32f0xx_hal_cortex.o ABSOLUTE
    ../Drivers/STM32F0xx_HAL_Driver/Src/stm32f0xx_hal_dma.c 0x00000000   Number         0  stm32f0xx_hal_dma.o ABSOLUTE
    ../Drivers/STM32F0xx_HAL_Driver/Src/stm32f0xx_hal_exti.c 0x00000000   Number         0  stm32f0xx_hal_exti.o ABSOLUTE
    ../Drivers/STM32F0xx_HAL_Driver/Src/stm32f0xx_hal_flash.c 0x00000000   Number         0  stm32f0xx_hal_flash.o ABSOLUTE
    ../Drivers/STM32F0xx_HAL_Driver/Src/stm32f0xx_hal_flash_ex.c 0x00000000   Number         0  stm32f0xx_hal_flash_ex.o ABSOLUTE
    ../Drivers/STM32F0xx_HAL_Driver/Src/stm32f0xx_hal_gpio.c 0x00000000   Number         0  stm32f0xx_hal_gpio.o ABSOLUTE
    ../Drivers/STM32F0xx_HAL_Driver/Src/stm32f0xx_hal_i2c.c 0x00000000   Number         0  stm32f0xx_hal_i2c.o ABSOLUTE
    ../Drivers/STM32F0xx_HAL_Driver/Src/stm32f0xx_hal_i2c_ex.c 0x00000000   Number         0  stm32f0xx_hal_i2c_ex.o ABSOLUTE
    ../Drivers/STM32F0xx_HAL_Driver/Src/stm32f0xx_hal_pwr.c 0x00000000   Number         0  stm32f0xx_hal_pwr.o ABSOLUTE
    ../Drivers/STM32F0xx_HAL_Driver/Src/stm32f0xx_hal_pwr_ex.c 0x00000000   Number         0  stm32f0xx_hal_pwr_ex.o ABSOLUTE
    ../Drivers/STM32F0xx_HAL_Driver/Src/stm32f0xx_hal_rcc.c 0x00000000   Number         0  stm32f0xx_hal_rcc.o ABSOLUTE
    ../Drivers/STM32F0xx_HAL_Driver/Src/stm32f0xx_hal_rcc_ex.c 0x00000000   Number         0  stm32f0xx_hal_rcc_ex.o ABSOLUTE
    ../Drivers/STM32F0xx_HAL_Driver/Src/stm32f0xx_hal_rtc.c 0x00000000   Number         0  stm32f0xx_hal_rtc.o ABSOLUTE
    ../Drivers/STM32F0xx_HAL_Driver/Src/stm32f0xx_hal_rtc_ex.c 0x00000000   Number         0  stm32f0xx_hal_rtc_ex.o ABSOLUTE
    ../Drivers/STM32F0xx_HAL_Driver/Src/stm32f0xx_hal_tim.c 0x00000000   Number         0  stm32f0xx_hal_tim.o ABSOLUTE
    ../Drivers/STM32F0xx_HAL_Driver/Src/stm32f0xx_hal_tim_ex.c 0x00000000   Number         0  stm32f0xx_hal_tim_ex.o ABSOLUTE
    ../Drivers/STM32F0xx_HAL_Driver/Src/stm32f0xx_hal_uart.c 0x00000000   Number         0  stm32f0xx_hal_uart.o ABSOLUTE
    ../Drivers/STM32F0xx_HAL_Driver/Src/stm32f0xx_hal_uart_ex.c 0x00000000   Number         0  stm32f0xx_hal_uart_ex.o ABSOLUTE
    ../clib/microlib/division.c              0x00000000   Number         0  uidiv.o ABSOLUTE
    ../clib/microlib/division.c              0x00000000   Number         0  idiv.o ABSOLUTE
    ../clib/microlib/division.c              0x00000000   Number         0  uldiv.o ABSOLUTE
    ../clib/microlib/init/entry.s            0x00000000   Number         0  entry8a.o ABSOLUTE
    ../clib/microlib/init/entry.s            0x00000000   Number         0  entry2.o ABSOLUTE
    ../clib/microlib/init/entry.s            0x00000000   Number         0  entry12b.o ABSOLUTE
    ../clib/microlib/init/entry.s            0x00000000   Number         0  entry7b.o ABSOLUTE
    ../clib/microlib/init/entry.s            0x00000000   Number         0  entry5.o ABSOLUTE
    ../clib/microlib/init/entry.s            0x00000000   Number         0  entry12a.o ABSOLUTE
    ../clib/microlib/init/entry.s            0x00000000   Number         0  entry11b.o ABSOLUTE
    ../clib/microlib/init/entry.s            0x00000000   Number         0  entry11a.o ABSOLUTE
    ../clib/microlib/init/entry.s            0x00000000   Number         0  entry10b.o ABSOLUTE
    ../clib/microlib/init/entry.s            0x00000000   Number         0  entry.o ABSOLUTE
    ../clib/microlib/init/entry.s            0x00000000   Number         0  entry7a.o ABSOLUTE
    ../clib/microlib/init/entry.s            0x00000000   Number         0  entry10a.o ABSOLUTE
    ../clib/microlib/init/entry.s            0x00000000   Number         0  entry9b.o ABSOLUTE
    ../clib/microlib/init/entry.s            0x00000000   Number         0  entry9a.o ABSOLUTE
    ../clib/microlib/init/entry.s            0x00000000   Number         0  entry8b.o ABSOLUTE
    ../clib/microlib/longlong.c              0x00000000   Number         0  llshl.o ABSOLUTE
    ../clib/microlib/longlong.c              0x00000000   Number         0  llsshr.o ABSOLUTE
    ../clib/microlib/longlong.c              0x00000000   Number         0  llushr.o ABSOLUTE
    ../clib/microlib/printf/printf.c         0x00000000   Number         0  printfa.o ABSOLUTE
    ../clib/microlib/printf/printf.c         0x00000000   Number         0  printf8.o ABSOLUTE
    ../clib/microlib/printf/printf.c         0x00000000   Number         0  printf7.o ABSOLUTE
    ../clib/microlib/printf/printf.c         0x00000000   Number         0  printf6.o ABSOLUTE
    ../clib/microlib/printf/printf.c         0x00000000   Number         0  printf5.o ABSOLUTE
    ../clib/microlib/printf/printf.c         0x00000000   Number         0  printf4.o ABSOLUTE
    ../clib/microlib/printf/printf.c         0x00000000   Number         0  printf3.o ABSOLUTE
    ../clib/microlib/printf/printf.c         0x00000000   Number         0  printf2.o ABSOLUTE
    ../clib/microlib/printf/printf.c         0x00000000   Number         0  printf1.o ABSOLUTE
    ../clib/microlib/printf/printf.c         0x00000000   Number         0  printf0.o ABSOLUTE
    ../clib/microlib/printf/printf.c         0x00000000   Number         0  printfb.o ABSOLUTE
    ../clib/microlib/printf/stubs.s          0x00000000   Number         0  stubs.o ABSOLUTE
    ../clib/microlib/stdio/streams.c         0x00000000   Number         0  stdout.o ABSOLUTE
    ../clib/microlib/string/memcpy.c         0x00000000   Number         0  memcpya.o ABSOLUTE
    ../clib/microlib/string/memcpy.c         0x00000000   Number         0  memcpyb.o ABSOLUTE
    ../clib/microlib/string/memset.c         0x00000000   Number         0  memseta.o ABSOLUTE
    ../clib/microlib/string/strcpy.c         0x00000000   Number         0  strcpy.o ABSOLUTE
    ../clib/microlib/string/strlen.c         0x00000000   Number         0  strlen.o ABSOLUTE
    ../clib/microlib/stubs.s                 0x00000000   Number         0  iusefp.o ABSOLUTE
    ../fplib/microlib/fpadd.c                0x00000000   Number         0  dadd.o ABSOLUTE
    ../fplib/microlib/fpdiv.c                0x00000000   Number         0  ddiv.o ABSOLUTE
    ../fplib/microlib/fpepilogue.c           0x00000000   Number         0  depilogue.o ABSOLUTE
    ../fplib/microlib/fpfix.c                0x00000000   Number         0  dfixul.o ABSOLUTE
    ../fplib/microlib/fpmul.c                0x00000000   Number         0  dmul.o ABSOLUTE
    ..\Core\Src\delay.c                      0x00000000   Number         0  delay.o ABSOLUTE
    ..\Core\Src\gpio.c                       0x00000000   Number         0  gpio.o ABSOLUTE
    ..\Core\Src\main.c                       0x00000000   Number         0  main.o ABSOLUTE
    ..\Core\Src\rtc.c                        0x00000000   Number         0  rtc.o ABSOLUTE
    ..\Core\Src\stm32f0xx_hal_msp.c          0x00000000   Number         0  stm32f0xx_hal_msp.o ABSOLUTE
    ..\Core\Src\stm32f0xx_it.c               0x00000000   Number         0  stm32f0xx_it.o ABSOLUTE
    ..\Core\Src\system_stm32f0xx.c           0x00000000   Number         0  system_stm32f0xx.o ABSOLUTE
    ..\Core\Src\tim.c                        0x00000000   Number         0  tim.o ABSOLUTE
    ..\Core\Src\usart.c                      0x00000000   Number         0  usart.o ABSOLUTE
    ..\Drivers\STM32F0xx_HAL_Driver\Src\stm32f0xx_hal.c 0x00000000   Number         0  stm32f0xx_hal.o ABSOLUTE
    ..\Drivers\STM32F0xx_HAL_Driver\Src\stm32f0xx_hal_cortex.c 0x00000000   Number         0  stm32f0xx_hal_cortex.o ABSOLUTE
    ..\Drivers\STM32F0xx_HAL_Driver\Src\stm32f0xx_hal_dma.c 0x00000000   Number         0  stm32f0xx_hal_dma.o ABSOLUTE
    ..\Drivers\STM32F0xx_HAL_Driver\Src\stm32f0xx_hal_exti.c 0x00000000   Number         0  stm32f0xx_hal_exti.o ABSOLUTE
    ..\Drivers\STM32F0xx_HAL_Driver\Src\stm32f0xx_hal_flash.c 0x00000000   Number         0  stm32f0xx_hal_flash.o ABSOLUTE
    ..\Drivers\STM32F0xx_HAL_Driver\Src\stm32f0xx_hal_flash_ex.c 0x00000000   Number         0  stm32f0xx_hal_flash_ex.o ABSOLUTE
    ..\Drivers\STM32F0xx_HAL_Driver\Src\stm32f0xx_hal_gpio.c 0x00000000   Number         0  stm32f0xx_hal_gpio.o ABSOLUTE
    ..\Drivers\STM32F0xx_HAL_Driver\Src\stm32f0xx_hal_i2c.c 0x00000000   Number         0  stm32f0xx_hal_i2c.o ABSOLUTE
    ..\Drivers\STM32F0xx_HAL_Driver\Src\stm32f0xx_hal_i2c_ex.c 0x00000000   Number         0  stm32f0xx_hal_i2c_ex.o ABSOLUTE
    ..\Drivers\STM32F0xx_HAL_Driver\Src\stm32f0xx_hal_pwr.c 0x00000000   Number         0  stm32f0xx_hal_pwr.o ABSOLUTE
    ..\Drivers\STM32F0xx_HAL_Driver\Src\stm32f0xx_hal_pwr_ex.c 0x00000000   Number         0  stm32f0xx_hal_pwr_ex.o ABSOLUTE
    ..\Drivers\STM32F0xx_HAL_Driver\Src\stm32f0xx_hal_rcc.c 0x00000000   Number         0  stm32f0xx_hal_rcc.o ABSOLUTE
    ..\Drivers\STM32F0xx_HAL_Driver\Src\stm32f0xx_hal_rcc_ex.c 0x00000000   Number         0  stm32f0xx_hal_rcc_ex.o ABSOLUTE
    ..\Drivers\STM32F0xx_HAL_Driver\Src\stm32f0xx_hal_rtc.c 0x00000000   Number         0  stm32f0xx_hal_rtc.o ABSOLUTE
    ..\Drivers\STM32F0xx_HAL_Driver\Src\stm32f0xx_hal_rtc_ex.c 0x00000000   Number         0  stm32f0xx_hal_rtc_ex.o ABSOLUTE
    ..\Drivers\STM32F0xx_HAL_Driver\Src\stm32f0xx_hal_tim.c 0x00000000   Number         0  stm32f0xx_hal_tim.o ABSOLUTE
    ..\Drivers\STM32F0xx_HAL_Driver\Src\stm32f0xx_hal_tim_ex.c 0x00000000   Number         0  stm32f0xx_hal_tim_ex.o ABSOLUTE
    ..\Drivers\STM32F0xx_HAL_Driver\Src\stm32f0xx_hal_uart.c 0x00000000   Number         0  stm32f0xx_hal_uart.o ABSOLUTE
    ..\Drivers\STM32F0xx_HAL_Driver\Src\stm32f0xx_hal_uart_ex.c 0x00000000   Number         0  stm32f0xx_hal_uart_ex.o ABSOLUTE
    ..\Hardware\DHT11.c                      0x00000000   Number         0  dht11.o ABSOLUTE
    ..\Hardware\Modbus.c                     0x00000000   Number         0  modbus.o ABSOLUTE
    ..\Hardware\STM_FLASH.c                  0x00000000   Number         0  stm_flash.o ABSOLUTE
    ..\Hardware\TM1620.c                     0x00000000   Number         0  tm1620.o ABSOLUTE
    ..\Hardware\key.c                        0x00000000   Number         0  key.o ABSOLUTE
    ..\RTT\SEGGER_RTT.c                      0x00000000   Number         0  segger_rtt.o ABSOLUTE
    ..\RTT\SEGGER_RTT_printf.c               0x00000000   Number         0  segger_rtt_printf.o ABSOLUTE
    ..\\Core\\Src\\delay.c                   0x00000000   Number         0  delay.o ABSOLUTE
    ..\\Hardware\\DHT11.c                    0x00000000   Number         0  dht11.o ABSOLUTE
    ..\\Hardware\\Modbus.c                   0x00000000   Number         0  modbus.o ABSOLUTE
    ..\\Hardware\\STM_FLASH.c                0x00000000   Number         0  stm_flash.o ABSOLUTE
    ..\\Hardware\\TM1620.c                   0x00000000   Number         0  tm1620.o ABSOLUTE
    ..\\Hardware\\key.c                      0x00000000   Number         0  key.o ABSOLUTE
    ..\\mcu_sdk\\mcu_api.c                   0x00000000   Number         0  mcu_api.o ABSOLUTE
    ..\\mcu_sdk\\protocol.c                  0x00000000   Number         0  protocol.o ABSOLUTE
    ..\\mcu_sdk\\system.c                    0x00000000   Number         0  system.o ABSOLUTE
    ..\mcu_sdk\mcu_api.c                     0x00000000   Number         0  mcu_api.o ABSOLUTE
    ..\mcu_sdk\protocol.c                    0x00000000   Number         0  protocol.o ABSOLUTE
    ..\mcu_sdk\system.c                      0x00000000   Number         0  system.o ABSOLUTE
    cdrcmple.s                               0x00000000   Number         0  cdrcmple.o ABSOLUTE
    dc.s                                     0x00000000   Number         0  dc.o ABSOLUTE
    handlers.s                               0x00000000   Number         0  handlers.o ABSOLUTE
    init.s                                   0x00000000   Number         0  init.o ABSOLUTE
    startup_stm32f030x6.s                    0x00000000   Number         0  startup_stm32f030x6.o ABSOLUTE
    RESET                                    0x08000000   Section      176  startup_stm32f030x6.o(RESET)
    .ARM.Collect$$$$00000000                 0x080000b0   Section        0  entry.o(.ARM.Collect$$$$00000000)
    .ARM.Collect$$$$00000001                 0x080000b0   Section        4  entry2.o(.ARM.Collect$$$$00000001)
    .ARM.Collect$$$$00000004                 0x080000b4   Section        4  entry5.o(.ARM.Collect$$$$00000004)
    .ARM.Collect$$$$00000008                 0x080000b8   Section        0  entry7b.o(.ARM.Collect$$$$00000008)
    .ARM.Collect$$$$0000000A                 0x080000b8   Section        0  entry8b.o(.ARM.Collect$$$$0000000A)
    .ARM.Collect$$$$0000000B                 0x080000b8   Section        8  entry9a.o(.ARM.Collect$$$$0000000B)
    .ARM.Collect$$$$0000000E                 0x080000c0   Section        4  entry12b.o(.ARM.Collect$$$$0000000E)
    .ARM.Collect$$$$0000000F                 0x080000c4   Section        0  entry10a.o(.ARM.Collect$$$$0000000F)
    .ARM.Collect$$$$00000011                 0x080000c4   Section        0  entry11a.o(.ARM.Collect$$$$00000011)
    .ARM.Collect$$$$00002712                 0x080000c4   Section        4  entry2.o(.ARM.Collect$$$$00002712)
    __lit__00000000                          0x080000c4   Data           4  entry2.o(.ARM.Collect$$$$00002712)
    .text                                    0x080000c8   Section       28  startup_stm32f030x6.o(.text)
    .text                                    0x080000e4   Section        0  uidiv.o(.text)
    .text                                    0x08000110   Section        0  uldiv.o(.text)
    .text                                    0x08000170   Section        0  llushr.o(.text)
    .text                                    0x08000192   Section        0  memseta.o(.text)
    .text                                    0x080001b6   Section        0  llshl.o(.text)
    .text                                    0x080001d8   Section       36  init.o(.text)
    i.DHT11_Mode_OUT_PP                      0x080001fc   Section        0  dht11.o(i.DHT11_Mode_OUT_PP)
    DHT11_Mode_OUT_PP                        0x080001fd   Thumb Code    30  dht11.o(i.DHT11_Mode_OUT_PP)
    i.DHT11_ReadByte                         0x0800021a   Section        0  dht11.o(i.DHT11_ReadByte)
    i.DHT11_ReadData                         0x08000274   Section        0  dht11.o(i.DHT11_ReadData)
    i.Error_Handler                          0x08000322   Section        0  main.o(i.Error_Handler)
    i.HAL_DMA_Abort                          0x08000326   Section        0  stm32f0xx_hal_dma.o(i.HAL_DMA_Abort)
    i.HAL_DMA_Abort_IT                       0x08000366   Section        0  stm32f0xx_hal_dma.o(i.HAL_DMA_Abort_IT)
    i.HAL_GPIO_Init                          0x080003b0   Section        0  stm32f0xx_hal_gpio.o(i.HAL_GPIO_Init)
    i.HAL_GPIO_ReadPin                       0x08000520   Section        0  stm32f0xx_hal_gpio.o(i.HAL_GPIO_ReadPin)
    i.HAL_GPIO_WritePin                      0x0800052a   Section        0  stm32f0xx_hal_gpio.o(i.HAL_GPIO_WritePin)
    i.HAL_GetTick                            0x08000538   Section        0  stm32f0xx_hal.o(i.HAL_GetTick)
    i.HAL_IncTick                            0x08000544   Section        0  stm32f0xx_hal.o(i.HAL_IncTick)
    i.HAL_Init                               0x08000554   Section        0  stm32f0xx_hal.o(i.HAL_Init)
    i.HAL_InitTick                           0x08000574   Section        0  stm32f0xx_hal.o(i.HAL_InitTick)
    i.HAL_MspInit                            0x080005b8   Section        0  stm32f0xx_hal_msp.o(i.HAL_MspInit)
    i.HAL_NVIC_EnableIRQ                     0x080005e0   Section        0  stm32f0xx_hal_cortex.o(i.HAL_NVIC_EnableIRQ)
    i.HAL_NVIC_SetPriority                   0x080005f8   Section        0  stm32f0xx_hal_cortex.o(i.HAL_NVIC_SetPriority)
    i.HAL_RCCEx_PeriphCLKConfig              0x08000600   Section        0  stm32f0xx_hal_rcc_ex.o(i.HAL_RCCEx_PeriphCLKConfig)
    i.HAL_RCC_ClockConfig                    0x080006e8   Section        0  stm32f0xx_hal_rcc.o(i.HAL_RCC_ClockConfig)
    i.HAL_RCC_GetPCLK1Freq                   0x080007f0   Section        0  stm32f0xx_hal_rcc.o(i.HAL_RCC_GetPCLK1Freq)
    i.HAL_RCC_GetSysClockFreq                0x08000810   Section        0  stm32f0xx_hal_rcc.o(i.HAL_RCC_GetSysClockFreq)
    i.HAL_RCC_OscConfig                      0x08000890   Section        0  stm32f0xx_hal_rcc.o(i.HAL_RCC_OscConfig)
    i.HAL_RTC_GetDate                        0x08000c18   Section        0  stm32f0xx_hal_rtc.o(i.HAL_RTC_GetDate)
    i.HAL_RTC_GetTime                        0x08000c5c   Section        0  stm32f0xx_hal_rtc.o(i.HAL_RTC_GetTime)
    i.HAL_RTC_Init                           0x08000cb8   Section        0  stm32f0xx_hal_rtc.o(i.HAL_RTC_Init)
    i.HAL_RTC_MspInit                        0x08000d6c   Section        0  rtc.o(i.HAL_RTC_MspInit)
    i.HAL_RTC_SetDate                        0x08000d8c   Section        0  stm32f0xx_hal_rtc.o(i.HAL_RTC_SetDate)
    i.HAL_RTC_SetTime                        0x08000e48   Section        0  stm32f0xx_hal_rtc.o(i.HAL_RTC_SetTime)
    i.HAL_RTC_WaitForSynchro                 0x08000f24   Section        0  stm32f0xx_hal_rtc.o(i.HAL_RTC_WaitForSynchro)
    i.HAL_SYSTICK_CLKSourceConfig            0x08000f58   Section        0  stm32f0xx_hal_cortex.o(i.HAL_SYSTICK_CLKSourceConfig)
    i.HAL_SYSTICK_Config                     0x08000f70   Section        0  stm32f0xx_hal_cortex.o(i.HAL_SYSTICK_Config)
    i.HAL_TIMEx_BreakCallback                0x08000fa0   Section        0  stm32f0xx_hal_tim_ex.o(i.HAL_TIMEx_BreakCallback)
    i.HAL_TIMEx_CommutCallback               0x08000fa2   Section        0  stm32f0xx_hal_tim_ex.o(i.HAL_TIMEx_CommutCallback)
    i.HAL_TIMEx_MasterConfigSynchronization  0x08000fa4   Section        0  stm32f0xx_hal_tim_ex.o(i.HAL_TIMEx_MasterConfigSynchronization)
    i.HAL_TIM_Base_Init                      0x08000ff4   Section        0  stm32f0xx_hal_tim.o(i.HAL_TIM_Base_Init)
    i.HAL_TIM_Base_MspInit                   0x0800103c   Section        0  tim.o(i.HAL_TIM_Base_MspInit)
    i.HAL_TIM_Base_Start_IT                  0x08001070   Section        0  stm32f0xx_hal_tim.o(i.HAL_TIM_Base_Start_IT)
    i.HAL_TIM_ConfigClockSource              0x080010b8   Section        0  stm32f0xx_hal_tim.o(i.HAL_TIM_ConfigClockSource)
    i.HAL_TIM_IC_CaptureCallback             0x08001188   Section        0  stm32f0xx_hal_tim.o(i.HAL_TIM_IC_CaptureCallback)
    i.HAL_TIM_IRQHandler                     0x0800118a   Section        0  stm32f0xx_hal_tim.o(i.HAL_TIM_IRQHandler)
    i.HAL_TIM_OC_DelayElapsedCallback        0x080012ec   Section        0  stm32f0xx_hal_tim.o(i.HAL_TIM_OC_DelayElapsedCallback)
    i.HAL_TIM_PWM_PulseFinishedCallback      0x080012ee   Section        0  stm32f0xx_hal_tim.o(i.HAL_TIM_PWM_PulseFinishedCallback)
    i.HAL_TIM_PeriodElapsedCallback          0x080012f0   Section        0  main.o(i.HAL_TIM_PeriodElapsedCallback)
    i.HAL_TIM_TriggerCallback                0x0800130c   Section        0  stm32f0xx_hal_tim.o(i.HAL_TIM_TriggerCallback)
    i.HAL_UARTEx_RxEventCallback             0x0800130e   Section        0  stm32f0xx_hal_uart.o(i.HAL_UARTEx_RxEventCallback)
    i.HAL_UART_ErrorCallback                 0x08001310   Section        0  stm32f0xx_hal_uart.o(i.HAL_UART_ErrorCallback)
    i.HAL_UART_IRQHandler                    0x08001314   Section        0  stm32f0xx_hal_uart.o(i.HAL_UART_IRQHandler)
    i.HAL_UART_Init                          0x0800151c   Section        0  stm32f0xx_hal_uart.o(i.HAL_UART_Init)
    i.HAL_UART_MspInit                       0x08001588   Section        0  usart.o(i.HAL_UART_MspInit)
    i.HAL_UART_Receive_IT                    0x080015f8   Section        0  stm32f0xx_hal_uart.o(i.HAL_UART_Receive_IT)
    i.HAL_UART_RxCpltCallback                0x08001650   Section        0  main.o(i.HAL_UART_RxCpltCallback)
    i.HAL_UART_Transmit                      0x080016c8   Section        0  stm32f0xx_hal_uart.o(i.HAL_UART_Transmit)
    i.HAL_UART_TxCpltCallback                0x0800179a   Section        0  stm32f0xx_hal_uart.o(i.HAL_UART_TxCpltCallback)
    i.HardFault_Handler                      0x0800179c   Section        0  stm32f0xx_it.o(i.HardFault_Handler)
    i.KEY_Scan                               0x080017a0   Section        0  key.o(i.KEY_Scan)
    i.MX_GPIO_Init                           0x08001820   Section        0  gpio.o(i.MX_GPIO_Init)
    i.MX_RTC_Init                            0x080018e8   Section        0  rtc.o(i.MX_RTC_Init)
    i.MX_TIM1_Init                           0x08001968   Section        0  tim.o(i.MX_TIM1_Init)
    i.MX_USART1_UART_Init                    0x080019d8   Section        0  usart.o(i.MX_USART1_UART_Init)
    i.NMI_Handler                            0x08001a10   Section        0  stm32f0xx_it.o(i.NMI_Handler)
    i.PendSV_Handler                         0x08001a12   Section        0  stm32f0xx_it.o(i.PendSV_Handler)
    i.RTC_Bcd2ToByte                         0x08001a14   Section        0  stm32f0xx_hal_rtc.o(i.RTC_Bcd2ToByte)
    i.RTC_ByteToBcd2                         0x08001a24   Section        0  stm32f0xx_hal_rtc.o(i.RTC_ByteToBcd2)
    i.RTC_EnterInitMode                      0x08001a3a   Section        0  stm32f0xx_hal_rtc.o(i.RTC_EnterInitMode)
    i.SVC_Handler                            0x08001a72   Section        0  stm32f0xx_it.o(i.SVC_Handler)
    i.SysTick_Handler                        0x08001a74   Section        0  stm32f0xx_it.o(i.SysTick_Handler)
    i.SystemClock_Config                     0x08001a7c   Section        0  main.o(i.SystemClock_Config)
    i.SystemInit                             0x08001af8   Section        0  system_stm32f0xx.o(i.SystemInit)
    i.TIM1_BRK_UP_TRG_COM_IRQHandler         0x08001afc   Section        0  stm32f0xx_it.o(i.TIM1_BRK_UP_TRG_COM_IRQHandler)
    i.TIM_Base_SetConfig                     0x08001b0c   Section        0  stm32f0xx_hal_tim.o(i.TIM_Base_SetConfig)
    i.TIM_ETR_SetConfig                      0x08001b84   Section        0  stm32f0xx_hal_tim.o(i.TIM_ETR_SetConfig)
    i.TIM_ITRx_SetConfig                     0x08001b9a   Section        0  stm32f0xx_hal_tim.o(i.TIM_ITRx_SetConfig)
    TIM_ITRx_SetConfig                       0x08001b9b   Thumb Code    16  stm32f0xx_hal_tim.o(i.TIM_ITRx_SetConfig)
    i.TIM_TI1_ConfigInputStage               0x08001baa   Section        0  stm32f0xx_hal_tim.o(i.TIM_TI1_ConfigInputStage)
    TIM_TI1_ConfigInputStage                 0x08001bab   Thumb Code    34  stm32f0xx_hal_tim.o(i.TIM_TI1_ConfigInputStage)
    i.TIM_TI2_ConfigInputStage               0x08001bcc   Section        0  stm32f0xx_hal_tim.o(i.TIM_TI2_ConfigInputStage)
    TIM_TI2_ConfigInputStage                 0x08001bcd   Thumb Code    38  stm32f0xx_hal_tim.o(i.TIM_TI2_ConfigInputStage)
    i.TM1620_Init                            0x08001bf2   Section        0  tm1620.o(i.TM1620_Init)
    i.TM1620_Init_Test                       0x08001bfc   Section        0  tm1620.o(i.TM1620_Init_Test)
    i.TM1620_Print                           0x08001c2c   Section        0  tm1620.o(i.TM1620_Print)
    i.TM1620_Write                           0x08001cf4   Section        0  tm1620.o(i.TM1620_Write)
    i.TM1620_Write_8bit                      0x08001d70   Section        0  tm1620.o(i.TM1620_Write_8bit)
    i.UART_AdvFeatureConfig                  0x08001db8   Section        0  stm32f0xx_hal_uart.o(i.UART_AdvFeatureConfig)
    i.UART_CheckIdleState                    0x08001e84   Section        0  stm32f0xx_hal_uart.o(i.UART_CheckIdleState)
    i.UART_DMAAbortOnError                   0x08001ee8   Section        0  stm32f0xx_hal_uart.o(i.UART_DMAAbortOnError)
    UART_DMAAbortOnError                     0x08001ee9   Thumb Code    20  stm32f0xx_hal_uart.o(i.UART_DMAAbortOnError)
    i.UART_EndRxTransfer                     0x08001efc   Section        0  stm32f0xx_hal_uart.o(i.UART_EndRxTransfer)
    UART_EndRxTransfer                       0x08001efd   Thumb Code    50  stm32f0xx_hal_uart.o(i.UART_EndRxTransfer)
    i.UART_RxISR_16BIT                       0x08001f2e   Section        0  stm32f0xx_hal_uart.o(i.UART_RxISR_16BIT)
    UART_RxISR_16BIT                         0x08001f2f   Thumb Code   118  stm32f0xx_hal_uart.o(i.UART_RxISR_16BIT)
    i.UART_RxISR_8BIT                        0x08001fa4   Section        0  stm32f0xx_hal_uart.o(i.UART_RxISR_8BIT)
    UART_RxISR_8BIT                          0x08001fa5   Thumb Code   118  stm32f0xx_hal_uart.o(i.UART_RxISR_8BIT)
    i.UART_SetConfig                         0x0800201c   Section        0  stm32f0xx_hal_uart.o(i.UART_SetConfig)
    i.UART_Start_Receive_IT                  0x08002138   Section        0  stm32f0xx_hal_uart.o(i.UART_Start_Receive_IT)
    i.UART_WaitOnFlagUntilTimeout            0x080021b8   Section        0  stm32f0xx_hal_uart.o(i.UART_WaitOnFlagUntilTimeout)
    i.USART1_IRQHandler                      0x08002258   Section        0  stm32f0xx_it.o(i.USART1_IRQHandler)
    i.__0sprintf$6                           0x08002268   Section        0  printf6.o(i.__0sprintf$6)
    i.__ARM_common_ll_muluu                  0x08002290   Section        0  stm32f0xx_hal_rcc.o(i.__ARM_common_ll_muluu)
    i.__ARM_common_switch8                   0x080022c0   Section        0  stm32f0xx_hal_dma.o(i.__ARM_common_switch8)
    i.__NVIC_SetPriority                     0x080022dc   Section        0  stm32f0xx_hal_cortex.o(i.__NVIC_SetPriority)
    __NVIC_SetPriority                       0x080022dd   Thumb Code    60  stm32f0xx_hal_cortex.o(i.__NVIC_SetPriority)
    i.__scatterload_copy                     0x08002320   Section       14  handlers.o(i.__scatterload_copy)
    i.__scatterload_null                     0x0800232e   Section        2  handlers.o(i.__scatterload_null)
    i.__scatterload_zeroinit                 0x08002330   Section       14  handlers.o(i.__scatterload_zeroinit)
    i._printf_core                           0x08002340   Section        0  printf6.o(i._printf_core)
    _printf_core                             0x08002341   Thumb Code   768  printf6.o(i._printf_core)
    i._printf_post_padding                   0x08002644   Section        0  printf6.o(i._printf_post_padding)
    _printf_post_padding                     0x08002645   Thumb Code    32  printf6.o(i._printf_post_padding)
    i._printf_pre_padding                    0x08002664   Section        0  printf6.o(i._printf_pre_padding)
    _printf_pre_padding                      0x08002665   Thumb Code    44  printf6.o(i._printf_pre_padding)
    i._sputc                                 0x08002690   Section        0  printf6.o(i._sputc)
    _sputc                                   0x08002691   Thumb Code    10  printf6.o(i._sputc)
    i.all_data_update                        0x0800269c   Section        0  protocol.o(i.all_data_update)
    i.chToFontcode                           0x080026c0   Section        0  tm1620.o(i.chToFontcode)
    i.data_handle                            0x08002714   Section        0  system.o(i.data_handle)
    i.delay_init                             0x08002848   Section        0  delay.o(i.delay_init)
    i.delay_ms                               0x0800285c   Section        0  delay.o(i.delay_ms)
    i.delay_us                               0x08002878   Section        0  delay.o(i.delay_us)
    i.dp_download_handle                     0x080028ac   Section        0  protocol.o(i.dp_download_handle)
    i.get_check_sum                          0x080028ae   Section        0  system.o(i.get_check_sum)
    i.get_download_cmd_total                 0x080028ca   Section        0  protocol.o(i.get_download_cmd_total)
    i.main                                   0x080028d0   Section        0  main.o(i.main)
    i.mcu_dp_value_update                    0x08002a74   Section        0  mcu_api.o(i.mcu_dp_value_update)
    i.mcu_get_greentime                      0x08002ac8   Section        0  protocol.o(i.mcu_get_greentime)
    i.mcu_get_system_time                    0x08002aca   Section        0  mcu_api.o(i.mcu_get_system_time)
    i.mcu_get_wifi_work_state                0x08002ad8   Section        0  mcu_api.o(i.mcu_get_wifi_work_state)
    i.mcu_set_wifi_mode                      0x08002ae4   Section        0  mcu_api.o(i.mcu_set_wifi_mode)
    i.mcu_write_rtctime                      0x08002b04   Section        0  protocol.o(i.mcu_write_rtctime)
    i.my_memcpy                              0x08002b50   Section        0  mcu_api.o(i.my_memcpy)
    i.my_strlen                              0x08002b90   Section        0  mcu_api.o(i.my_strlen)
    i.product_info_update                    0x08002ba8   Section        0  system.o(i.product_info_update)
    product_info_update                      0x08002ba9   Thumb Code   140  system.o(i.product_info_update)
    i.set_wifi_uart_buffer                   0x08002c70   Section        0  system.o(i.set_wifi_uart_buffer)
    i.set_wifi_uart_byte                     0x08002c8c   Section        0  system.o(i.set_wifi_uart_byte)
    i.take_byte_rxbuff                       0x08002c9c   Section        0  system.o(i.take_byte_rxbuff)
    i.u16ToDisplayArray                      0x08002cc4   Section        0  tm1620.o(i.u16ToDisplayArray)
    i.uart_receive_input                     0x08002ce0   Section        0  mcu_api.o(i.uart_receive_input)
    i.uart_transmit_output                   0x08002d1c   Section        0  protocol.o(i.uart_transmit_output)
    i.wifi_protocol_init                     0x08002d30   Section        0  mcu_api.o(i.wifi_protocol_init)
    i.wifi_test_result                       0x08002d5c   Section        0  protocol.o(i.wifi_test_result)
    i.wifi_uart_service                      0x08002d60   Section        0  mcu_api.o(i.wifi_uart_service)
    i.wifi_uart_write_frame                  0x08002e08   Section        0  system.o(i.wifi_uart_write_frame)
    i.with_data_rxbuff                       0x08002e50   Section        0  system.o(i.with_data_rxbuff)
    .constdata                               0x08002e68   Section       16  system_stm32f0xx.o(.constdata)
    .constdata                               0x08002e78   Section        8  system_stm32f0xx.o(.constdata)
    .constdata                               0x08002e80   Section        4  protocol.o(.constdata)
    .data                                    0x20000000   Section        4  delay.o(.data)
    fac_us                                   0x20000000   Data           4  delay.o(.data)
    .data                                    0x20000004   Section       51  main.o(.data)
    .data                                    0x20000037   Section        4  main.o(.data)
    .data                                    0x2000003c   Section       12  stm32f0xx_hal.o(.data)
    .data                                    0x20000048   Section        4  system_stm32f0xx.o(.data)
    .data                                    0x2000004c   Section       27  tm1620.o(.data)
    .data                                    0x20000067   Section        1  key.o(.data)
    key_up                                   0x20000067   Data           1  key.o(.data)
    .data                                    0x20000068   Section        2  mcu_api.o(.data)
    rx_in                                    0x20000068   Data           2  mcu_api.o(.data)
    .data                                    0x2000006c   Section       12  system.o(.data)
    mcu_reset_state                          0x2000006c   Data           1  system.o(.data)
    .data                                    0x20000078   Section        1  system.o(.data)
    .bss                                     0x2000007c   Section     1064  main.o(.bss)
    .bss                                     0x200004a4   Section       32  rtc.o(.bss)
    .bss                                     0x200004c4   Section       72  tim.o(.bss)
    .bss                                     0x2000050c   Section      132  usart.o(.bss)
    .bss                                     0x20000590   Section      109  system.o(.bss)
    STACK                                    0x20000600   Section     1024  startup_stm32f030x6.o(STACK)

    Global Symbols

    Symbol Name                              Value     Ov Type        Size  Object(Section)

    BuildAttributes$$THM_ISAv3M$S$PE$A:L22$X:L11$S22$IEEE1$IW$USESV6$~STKCKD$USESV7$~SHL$OSPACE$ROPI$EBA8$MICROLIB$REQ8$PRES8$EABIv2 0x00000000   Number         0  anon$$obj.o ABSOLUTE
    __ARM_use_no_argv                        0x00000000   Number         0  main.o ABSOLUTE
    _printf_a                                0x00000000   Number         0  stubs.o ABSOLUTE
    _printf_c                                0x00000000   Number         0  stubs.o ABSOLUTE
    _printf_charcount                        0x00000000   Number         0  stubs.o ABSOLUTE
    _printf_d                                0x00000000   Number         0  stubs.o ABSOLUTE
    _printf_e                                0x00000000   Number         0  stubs.o ABSOLUTE
    _printf_f                                0x00000000   Number         0  stubs.o ABSOLUTE
    _printf_flags                            0x00000000   Number         0  stubs.o ABSOLUTE
    _printf_fp_dec                           0x00000000   Number         0  stubs.o ABSOLUTE
    _printf_fp_hex                           0x00000000   Number         0  stubs.o ABSOLUTE
    _printf_g                                0x00000000   Number         0  stubs.o ABSOLUTE
    _printf_i                                0x00000000   Number         0  stubs.o ABSOLUTE
    _printf_int_dec                          0x00000000   Number         0  stubs.o ABSOLUTE
    _printf_l                                0x00000000   Number         0  stubs.o ABSOLUTE
    _printf_lc                               0x00000000   Number         0  stubs.o ABSOLUTE
    _printf_ll                               0x00000000   Number         0  stubs.o ABSOLUTE
    _printf_lld                              0x00000000   Number         0  stubs.o ABSOLUTE
    _printf_lli                              0x00000000   Number         0  stubs.o ABSOLUTE
    _printf_llo                              0x00000000   Number         0  stubs.o ABSOLUTE
    _printf_llu                              0x00000000   Number         0  stubs.o ABSOLUTE
    _printf_llx                              0x00000000   Number         0  stubs.o ABSOLUTE
    _printf_longlong_dec                     0x00000000   Number         0  stubs.o ABSOLUTE
    _printf_longlong_hex                     0x00000000   Number         0  stubs.o ABSOLUTE
    _printf_longlong_oct                     0x00000000   Number         0  stubs.o ABSOLUTE
    _printf_ls                               0x00000000   Number         0  stubs.o ABSOLUTE
    _printf_mbtowc                           0x00000000   Number         0  stubs.o ABSOLUTE
    _printf_n                                0x00000000   Number         0  stubs.o ABSOLUTE
    _printf_o                                0x00000000   Number         0  stubs.o ABSOLUTE
    _printf_p                                0x00000000   Number         0  stubs.o ABSOLUTE
    _printf_percent                          0x00000000   Number         0  stubs.o ABSOLUTE
    _printf_pre_padding                      0x00000000   Number         0  stubs.o ABSOLUTE
    _printf_return_value                     0x00000000   Number         0  stubs.o ABSOLUTE
    _printf_s                                0x00000000   Number         0  stubs.o ABSOLUTE
    _printf_sizespec                         0x00000000   Number         0  stubs.o ABSOLUTE
    _printf_str                              0x00000000   Number         0  stubs.o ABSOLUTE
    _printf_truncate_signed                  0x00000000   Number         0  stubs.o ABSOLUTE
    _printf_truncate_unsigned                0x00000000   Number         0  stubs.o ABSOLUTE
    _printf_u                                0x00000000   Number         0  stubs.o ABSOLUTE
    _printf_wc                               0x00000000   Number         0  stubs.o ABSOLUTE
    _printf_wctomb                           0x00000000   Number         0  stubs.o ABSOLUTE
    _printf_widthprec                        0x00000000   Number         0  stubs.o ABSOLUTE
    _printf_x                                0x00000000   Number         0  stubs.o ABSOLUTE
    __arm_fini_                               - Undefined Weak Reference
    __cpp_initialize__aeabi_                  - Undefined Weak Reference
    __cxa_finalize                            - Undefined Weak Reference
    __decompress                              - Undefined Weak Reference
    _clock_init                               - Undefined Weak Reference
    _microlib_exit                            - Undefined Weak Reference
    __Vectors_Size                           0x000000b0   Number         0  startup_stm32f030x6.o ABSOLUTE
    __Vectors                                0x08000000   Data           4  startup_stm32f030x6.o(RESET)
    __Vectors_End                            0x080000b0   Data           0  startup_stm32f030x6.o(RESET)
    __main                                   0x080000b1   Thumb Code     0  entry.o(.ARM.Collect$$$$00000000)
    _main_stk                                0x080000b1   Thumb Code     0  entry2.o(.ARM.Collect$$$$00000001)
    _main_scatterload                        0x080000b5   Thumb Code     0  entry5.o(.ARM.Collect$$$$00000004)
    __main_after_scatterload                 0x080000b9   Thumb Code     0  entry5.o(.ARM.Collect$$$$00000004)
    _main_clock                              0x080000b9   Thumb Code     0  entry7b.o(.ARM.Collect$$$$00000008)
    _main_cpp_init                           0x080000b9   Thumb Code     0  entry8b.o(.ARM.Collect$$$$0000000A)
    _main_init                               0x080000b9   Thumb Code     0  entry9a.o(.ARM.Collect$$$$0000000B)
    __rt_lib_shutdown_fini                   0x080000c1   Thumb Code     0  entry12b.o(.ARM.Collect$$$$0000000E)
    __rt_final_cpp                           0x080000c5   Thumb Code     0  entry10a.o(.ARM.Collect$$$$0000000F)
    __rt_final_exit                          0x080000c5   Thumb Code     0  entry11a.o(.ARM.Collect$$$$00000011)
    Reset_Handler                            0x080000c9   Thumb Code     8  startup_stm32f030x6.o(.text)
    ADC1_IRQHandler                          0x080000db   Thumb Code     0  startup_stm32f030x6.o(.text)
    DMA1_Channel1_IRQHandler                 0x080000db   Thumb Code     0  startup_stm32f030x6.o(.text)
    DMA1_Channel2_3_IRQHandler               0x080000db   Thumb Code     0  startup_stm32f030x6.o(.text)
    DMA1_Channel4_5_IRQHandler               0x080000db   Thumb Code     0  startup_stm32f030x6.o(.text)
    EXTI0_1_IRQHandler                       0x080000db   Thumb Code     0  startup_stm32f030x6.o(.text)
    EXTI2_3_IRQHandler                       0x080000db   Thumb Code     0  startup_stm32f030x6.o(.text)
    EXTI4_15_IRQHandler                      0x080000db   Thumb Code     0  startup_stm32f030x6.o(.text)
    FLASH_IRQHandler                         0x080000db   Thumb Code     0  startup_stm32f030x6.o(.text)
    I2C1_IRQHandler                          0x080000db   Thumb Code     0  startup_stm32f030x6.o(.text)
    RCC_IRQHandler                           0x080000db   Thumb Code     0  startup_stm32f030x6.o(.text)
    RTC_IRQHandler                           0x080000db   Thumb Code     0  startup_stm32f030x6.o(.text)
    SPI1_IRQHandler                          0x080000db   Thumb Code     0  startup_stm32f030x6.o(.text)
    TIM14_IRQHandler                         0x080000db   Thumb Code     0  startup_stm32f030x6.o(.text)
    TIM16_IRQHandler                         0x080000db   Thumb Code     0  startup_stm32f030x6.o(.text)
    TIM17_IRQHandler                         0x080000db   Thumb Code     0  startup_stm32f030x6.o(.text)
    TIM1_CC_IRQHandler                       0x080000db   Thumb Code     0  startup_stm32f030x6.o(.text)
    TIM3_IRQHandler                          0x080000db   Thumb Code     0  startup_stm32f030x6.o(.text)
    WWDG_IRQHandler                          0x080000db   Thumb Code     0  startup_stm32f030x6.o(.text)
    __aeabi_uidiv                            0x080000e5   Thumb Code     0  uidiv.o(.text)
    __aeabi_uidivmod                         0x080000e5   Thumb Code    44  uidiv.o(.text)
    __aeabi_uldivmod                         0x08000111   Thumb Code    96  uldiv.o(.text)
    __aeabi_llsr                             0x08000171   Thumb Code    34  llushr.o(.text)
    _ll_ushift_r                             0x08000171   Thumb Code     0  llushr.o(.text)
    __aeabi_memset                           0x08000193   Thumb Code    14  memseta.o(.text)
    __aeabi_memset4                          0x08000193   Thumb Code     0  memseta.o(.text)
    __aeabi_memset8                          0x08000193   Thumb Code     0  memseta.o(.text)
    __aeabi_memclr                           0x080001a1   Thumb Code     4  memseta.o(.text)
    __aeabi_memclr4                          0x080001a1   Thumb Code     0  memseta.o(.text)
    __aeabi_memclr8                          0x080001a1   Thumb Code     0  memseta.o(.text)
    _memset$wrapper                          0x080001a5   Thumb Code    18  memseta.o(.text)
    __aeabi_llsl                             0x080001b7   Thumb Code    32  llshl.o(.text)
    _ll_shift_l                              0x080001b7   Thumb Code     0  llshl.o(.text)
    __scatterload                            0x080001d9   Thumb Code    28  init.o(.text)
    __scatterload_rt2                        0x080001d9   Thumb Code     0  init.o(.text)
    DHT11_ReadByte                           0x0800021b   Thumb Code    90  dht11.o(i.DHT11_ReadByte)
    DHT11_ReadData                           0x08000275   Thumb Code   174  dht11.o(i.DHT11_ReadData)
    Error_Handler                            0x08000323   Thumb Code     4  main.o(i.Error_Handler)
    HAL_DMA_Abort                            0x08000327   Thumb Code    64  stm32f0xx_hal_dma.o(i.HAL_DMA_Abort)
    HAL_DMA_Abort_IT                         0x08000367   Thumb Code    72  stm32f0xx_hal_dma.o(i.HAL_DMA_Abort_IT)
    HAL_GPIO_Init                            0x080003b1   Thumb Code   344  stm32f0xx_hal_gpio.o(i.HAL_GPIO_Init)
    HAL_GPIO_ReadPin                         0x08000521   Thumb Code    10  stm32f0xx_hal_gpio.o(i.HAL_GPIO_ReadPin)
    HAL_GPIO_WritePin                        0x0800052b   Thumb Code    12  stm32f0xx_hal_gpio.o(i.HAL_GPIO_WritePin)
    HAL_GetTick                              0x08000539   Thumb Code     6  stm32f0xx_hal.o(i.HAL_GetTick)
    HAL_IncTick                              0x08000545   Thumb Code    12  stm32f0xx_hal.o(i.HAL_IncTick)
    HAL_Init                                 0x08000555   Thumb Code    26  stm32f0xx_hal.o(i.HAL_Init)
    HAL_InitTick                             0x08000575   Thumb Code    58  stm32f0xx_hal.o(i.HAL_InitTick)
    HAL_MspInit                              0x080005b9   Thumb Code    34  stm32f0xx_hal_msp.o(i.HAL_MspInit)
    HAL_NVIC_EnableIRQ                       0x080005e1   Thumb Code    18  stm32f0xx_hal_cortex.o(i.HAL_NVIC_EnableIRQ)
    HAL_NVIC_SetPriority                     0x080005f9   Thumb Code     8  stm32f0xx_hal_cortex.o(i.HAL_NVIC_SetPriority)
    HAL_RCCEx_PeriphCLKConfig                0x08000601   Thumb Code   218  stm32f0xx_hal_rcc_ex.o(i.HAL_RCCEx_PeriphCLKConfig)
    HAL_RCC_ClockConfig                      0x080006e9   Thumb Code   242  stm32f0xx_hal_rcc.o(i.HAL_RCC_ClockConfig)
    HAL_RCC_GetPCLK1Freq                     0x080007f1   Thumb Code    20  stm32f0xx_hal_rcc.o(i.HAL_RCC_GetPCLK1Freq)
    HAL_RCC_GetSysClockFreq                  0x08000811   Thumb Code    84  stm32f0xx_hal_rcc.o(i.HAL_RCC_GetSysClockFreq)
    HAL_RCC_OscConfig                        0x08000891   Thumb Code   890  stm32f0xx_hal_rcc.o(i.HAL_RCC_OscConfig)
    HAL_RTC_GetDate                          0x08000c19   Thumb Code    68  stm32f0xx_hal_rtc.o(i.HAL_RTC_GetDate)
    HAL_RTC_GetTime                          0x08000c5d   Thumb Code    88  stm32f0xx_hal_rtc.o(i.HAL_RTC_GetTime)
    HAL_RTC_Init                             0x08000cb9   Thumb Code   174  stm32f0xx_hal_rtc.o(i.HAL_RTC_Init)
    HAL_RTC_MspInit                          0x08000d6d   Thumb Code    22  rtc.o(i.HAL_RTC_MspInit)
    HAL_RTC_SetDate                          0x08000d8d   Thumb Code   184  stm32f0xx_hal_rtc.o(i.HAL_RTC_SetDate)
    HAL_RTC_SetTime                          0x08000e49   Thumb Code   216  stm32f0xx_hal_rtc.o(i.HAL_RTC_SetTime)
    HAL_RTC_WaitForSynchro                   0x08000f25   Thumb Code    52  stm32f0xx_hal_rtc.o(i.HAL_RTC_WaitForSynchro)
    HAL_SYSTICK_CLKSourceConfig              0x08000f59   Thumb Code    20  stm32f0xx_hal_cortex.o(i.HAL_SYSTICK_CLKSourceConfig)
    HAL_SYSTICK_Config                       0x08000f71   Thumb Code    38  stm32f0xx_hal_cortex.o(i.HAL_SYSTICK_Config)
    HAL_TIMEx_BreakCallback                  0x08000fa1   Thumb Code     2  stm32f0xx_hal_tim_ex.o(i.HAL_TIMEx_BreakCallback)
    HAL_TIMEx_CommutCallback                 0x08000fa3   Thumb Code     2  stm32f0xx_hal_tim_ex.o(i.HAL_TIMEx_CommutCallback)
    HAL_TIMEx_MasterConfigSynchronization    0x08000fa5   Thumb Code    72  stm32f0xx_hal_tim_ex.o(i.HAL_TIMEx_MasterConfigSynchronization)
    HAL_TIM_Base_Init                        0x08000ff5   Thumb Code    72  stm32f0xx_hal_tim.o(i.HAL_TIM_Base_Init)
    HAL_TIM_Base_MspInit                     0x0800103d   Thumb Code    44  tim.o(i.HAL_TIM_Base_MspInit)
    HAL_TIM_Base_Start_IT                    0x08001071   Thumb Code    62  stm32f0xx_hal_tim.o(i.HAL_TIM_Base_Start_IT)
    HAL_TIM_ConfigClockSource                0x080010b9   Thumb Code   208  stm32f0xx_hal_tim.o(i.HAL_TIM_ConfigClockSource)
    HAL_TIM_IC_CaptureCallback               0x08001189   Thumb Code     2  stm32f0xx_hal_tim.o(i.HAL_TIM_IC_CaptureCallback)
    HAL_TIM_IRQHandler                       0x0800118b   Thumb Code   354  stm32f0xx_hal_tim.o(i.HAL_TIM_IRQHandler)
    HAL_TIM_OC_DelayElapsedCallback          0x080012ed   Thumb Code     2  stm32f0xx_hal_tim.o(i.HAL_TIM_OC_DelayElapsedCallback)
    HAL_TIM_PWM_PulseFinishedCallback        0x080012ef   Thumb Code     2  stm32f0xx_hal_tim.o(i.HAL_TIM_PWM_PulseFinishedCallback)
    HAL_TIM_PeriodElapsedCallback            0x080012f1   Thumb Code    18  main.o(i.HAL_TIM_PeriodElapsedCallback)
    HAL_TIM_TriggerCallback                  0x0800130d   Thumb Code     2  stm32f0xx_hal_tim.o(i.HAL_TIM_TriggerCallback)
    HAL_UARTEx_RxEventCallback               0x0800130f   Thumb Code     2  stm32f0xx_hal_uart.o(i.HAL_UARTEx_RxEventCallback)
    HAL_UART_ErrorCallback                   0x08001311   Thumb Code     2  stm32f0xx_hal_uart.o(i.HAL_UART_ErrorCallback)
    HAL_UART_IRQHandler                      0x08001315   Thumb Code   506  stm32f0xx_hal_uart.o(i.HAL_UART_IRQHandler)
    HAL_UART_Init                            0x0800151d   Thumb Code   106  stm32f0xx_hal_uart.o(i.HAL_UART_Init)
    HAL_UART_MspInit                         0x08001589   Thumb Code   104  usart.o(i.HAL_UART_MspInit)
    HAL_UART_Receive_IT                      0x080015f9   Thumb Code    86  stm32f0xx_hal_uart.o(i.HAL_UART_Receive_IT)
    HAL_UART_RxCpltCallback                  0x08001651   Thumb Code   102  main.o(i.HAL_UART_RxCpltCallback)
    HAL_UART_Transmit                        0x080016c9   Thumb Code   210  stm32f0xx_hal_uart.o(i.HAL_UART_Transmit)
    HAL_UART_TxCpltCallback                  0x0800179b   Thumb Code     2  stm32f0xx_hal_uart.o(i.HAL_UART_TxCpltCallback)
    HardFault_Handler                        0x0800179d   Thumb Code     2  stm32f0xx_it.o(i.HardFault_Handler)
    KEY_Scan                                 0x080017a1   Thumb Code   124  key.o(i.KEY_Scan)
    MX_GPIO_Init                             0x08001821   Thumb Code   190  gpio.o(i.MX_GPIO_Init)
    MX_RTC_Init                              0x080018e9   Thumb Code   114  rtc.o(i.MX_RTC_Init)
    MX_TIM1_Init                             0x08001969   Thumb Code   100  tim.o(i.MX_TIM1_Init)
    MX_USART1_UART_Init                      0x080019d9   Thumb Code    48  usart.o(i.MX_USART1_UART_Init)
    NMI_Handler                              0x08001a11   Thumb Code     2  stm32f0xx_it.o(i.NMI_Handler)
    PendSV_Handler                           0x08001a13   Thumb Code     2  stm32f0xx_it.o(i.PendSV_Handler)
    RTC_Bcd2ToByte                           0x08001a15   Thumb Code    16  stm32f0xx_hal_rtc.o(i.RTC_Bcd2ToByte)
    RTC_ByteToBcd2                           0x08001a25   Thumb Code    22  stm32f0xx_hal_rtc.o(i.RTC_ByteToBcd2)
    RTC_EnterInitMode                        0x08001a3b   Thumb Code    56  stm32f0xx_hal_rtc.o(i.RTC_EnterInitMode)
    SVC_Handler                              0x08001a73   Thumb Code     2  stm32f0xx_it.o(i.SVC_Handler)
    SysTick_Handler                          0x08001a75   Thumb Code     8  stm32f0xx_it.o(i.SysTick_Handler)
    SystemClock_Config                       0x08001a7d   Thumb Code   120  main.o(i.SystemClock_Config)
    SystemInit                               0x08001af9   Thumb Code     2  system_stm32f0xx.o(i.SystemInit)
    TIM1_BRK_UP_TRG_COM_IRQHandler           0x08001afd   Thumb Code    10  stm32f0xx_it.o(i.TIM1_BRK_UP_TRG_COM_IRQHandler)
    TIM_Base_SetConfig                       0x08001b0d   Thumb Code   100  stm32f0xx_hal_tim.o(i.TIM_Base_SetConfig)
    TIM_ETR_SetConfig                        0x08001b85   Thumb Code    22  stm32f0xx_hal_tim.o(i.TIM_ETR_SetConfig)
    TM1620_Init                              0x08001bf3   Thumb Code    10  tm1620.o(i.TM1620_Init)
    TM1620_Init_Test                         0x08001bfd   Thumb Code    44  tm1620.o(i.TM1620_Init_Test)
    TM1620_Print                             0x08001c2d   Thumb Code   192  tm1620.o(i.TM1620_Print)
    TM1620_Write                             0x08001cf5   Thumb Code   118  tm1620.o(i.TM1620_Write)
    TM1620_Write_8bit                        0x08001d71   Thumb Code    68  tm1620.o(i.TM1620_Write_8bit)
    UART_AdvFeatureConfig                    0x08001db9   Thumb Code   202  stm32f0xx_hal_uart.o(i.UART_AdvFeatureConfig)
    UART_CheckIdleState                      0x08001e85   Thumb Code    94  stm32f0xx_hal_uart.o(i.UART_CheckIdleState)
    UART_SetConfig                           0x0800201d   Thumb Code   268  stm32f0xx_hal_uart.o(i.UART_SetConfig)
    UART_Start_Receive_IT                    0x08002139   Thumb Code   114  stm32f0xx_hal_uart.o(i.UART_Start_Receive_IT)
    UART_WaitOnFlagUntilTimeout              0x080021b9   Thumb Code   158  stm32f0xx_hal_uart.o(i.UART_WaitOnFlagUntilTimeout)
    USART1_IRQHandler                        0x08002259   Thumb Code    10  stm32f0xx_it.o(i.USART1_IRQHandler)
    __0sprintf$6                             0x08002269   Thumb Code    36  printf6.o(i.__0sprintf$6)
    __1sprintf$6                             0x08002269   Thumb Code     0  printf6.o(i.__0sprintf$6)
    __2sprintf                               0x08002269   Thumb Code     0  printf6.o(i.__0sprintf$6)
    __ARM_common_ll_muluu                    0x08002291   Thumb Code    48  stm32f0xx_hal_rcc.o(i.__ARM_common_ll_muluu)
    __ARM_common_switch8                     0x080022c1   Thumb Code    26  stm32f0xx_hal_dma.o(i.__ARM_common_switch8)
    __scatterload_copy                       0x08002321   Thumb Code    14  handlers.o(i.__scatterload_copy)
    __scatterload_null                       0x0800232f   Thumb Code     2  handlers.o(i.__scatterload_null)
    __scatterload_zeroinit                   0x08002331   Thumb Code    14  handlers.o(i.__scatterload_zeroinit)
    all_data_update                          0x0800269d   Thumb Code    30  protocol.o(i.all_data_update)
    chToFontcode                             0x080026c1   Thumb Code    78  tm1620.o(i.chToFontcode)
    data_handle                              0x08002715   Thumb Code   296  system.o(i.data_handle)
    delay_init                               0x08002849   Thumb Code    16  delay.o(i.delay_init)
    delay_ms                                 0x0800285d   Thumb Code    26  delay.o(i.delay_ms)
    delay_us                                 0x08002879   Thumb Code    44  delay.o(i.delay_us)
    dp_download_handle                       0x080028ad   Thumb Code     2  protocol.o(i.dp_download_handle)
    get_check_sum                            0x080028af   Thumb Code    28  system.o(i.get_check_sum)
    get_download_cmd_total                   0x080028cb   Thumb Code     4  protocol.o(i.get_download_cmd_total)
    main                                     0x080028d1   Thumb Code   364  main.o(i.main)
    mcu_dp_value_update                      0x08002a75   Thumb Code    80  mcu_api.o(i.mcu_dp_value_update)
    mcu_get_greentime                        0x08002ac9   Thumb Code     2  protocol.o(i.mcu_get_greentime)
    mcu_get_system_time                      0x08002acb   Thumb Code    14  mcu_api.o(i.mcu_get_system_time)
    mcu_get_wifi_work_state                  0x08002ad9   Thumb Code     6  mcu_api.o(i.mcu_get_wifi_work_state)
    mcu_set_wifi_mode                        0x08002ae5   Thumb Code    26  mcu_api.o(i.mcu_set_wifi_mode)
    mcu_write_rtctime                        0x08002b05   Thumb Code    62  protocol.o(i.mcu_write_rtctime)
    my_memcpy                                0x08002b51   Thumb Code    64  mcu_api.o(i.my_memcpy)
    my_strlen                                0x08002b91   Thumb Code    22  mcu_api.o(i.my_strlen)
    set_wifi_uart_buffer                     0x08002c71   Thumb Code    22  system.o(i.set_wifi_uart_buffer)
    set_wifi_uart_byte                       0x08002c8d   Thumb Code    12  system.o(i.set_wifi_uart_byte)
    take_byte_rxbuff                         0x08002c9d   Thumb Code    30  system.o(i.take_byte_rxbuff)
    u16ToDisplayArray                        0x08002cc5   Thumb Code    22  tm1620.o(i.u16ToDisplayArray)
    uart_receive_input                       0x08002ce1   Thumb Code    46  mcu_api.o(i.uart_receive_input)
    uart_transmit_output                     0x08002d1d   Thumb Code    16  protocol.o(i.uart_transmit_output)
    wifi_protocol_init                       0x08002d31   Thumb Code    24  mcu_api.o(i.wifi_protocol_init)
    wifi_test_result                         0x08002d5d   Thumb Code     2  protocol.o(i.wifi_test_result)
    wifi_uart_service                        0x08002d61   Thumb Code   160  mcu_api.o(i.wifi_uart_service)
    wifi_uart_write_frame                    0x08002e09   Thumb Code    68  system.o(i.wifi_uart_write_frame)
    with_data_rxbuff                         0x08002e51   Thumb Code    18  system.o(i.with_data_rxbuff)
    AHBPrescTable                            0x08002e68   Data          16  system_stm32f0xx.o(.constdata)
    APBPrescTable                            0x08002e78   Data           8  system_stm32f0xx.o(.constdata)
    download_cmd                             0x08002e80   Data           4  protocol.o(.constdata)
    Region$$Table$$Base                      0x08002e84   Number         0  anon$$obj.o(Region$$Table)
    Region$$Table$$Limit                     0x08002ea4   Number         0  anon$$obj.o(Region$$Table)
    WIFI_Connect_FLAG                        0x20000004   Data           1  main.o(.data)
    Rtc_Flag                                 0x20000005   Data           1  main.o(.data)
    uart_temp                                0x20000006   Data           1  main.o(.data)
    Sys_time                                 0x20000008   Data           4  main.o(.data)
    task1_time                               0x2000000c   Data           4  main.o(.data)
    task2_time                               0x20000010   Data           4  main.o(.data)
    task3_time                               0x20000014   Data           4  main.o(.data)
    uart_time                                0x20000018   Data           4  main.o(.data)
    msg                                      0x2000001c   Data           4  main.o(.data)
    flag                                     0x20000020   Data           4  main.o(.data)
    len_u4                                   0x20000024   Data           4  main.o(.data)
    GetData1                                 0x20000028   Data           4  main.o(.data)
    DHT11                                    0x2000002c   Data           5  main.o(.data)
    buffer                                   0x20000031   Data           6  main.o(.data)
    GetData                                  0x20000037   Data           4  main.o(.data)
    uwTickFreq                               0x2000003c   Data           1  stm32f0xx_hal.o(.data)
    uwTickPrio                               0x20000040   Data           4  stm32f0xx_hal.o(.data)
    uwTick                                   0x20000044   Data           4  stm32f0xx_hal.o(.data)
    SystemCoreClock                          0x20000048   Data           4  system_stm32f0xx.o(.data)
    DisplayArray                             0x2000004c   Data           6  tm1620.o(.data)
    fontCode                                 0x20000052   Data          21  tm1620.o(.data)
    reset_wifi_flag                          0x2000006d   Data           1  system.o(.data)
    set_wifimode_flag                        0x2000006e   Data           1  system.o(.data)
    wifi_work_state                          0x2000006f   Data           1  system.o(.data)
    rx_buf_in                                0x20000070   Data           4  system.o(.data)
    rx_buf_out                               0x20000074   Data           4  system.o(.data)
    stop_update_flag                         0x20000078   Data           1  system.o(.data)
    msg_buff                                 0x2000007c   Data        1024  main.o(.bss)
    GetTime                                  0x2000047c   Data          20  main.o(.bss)
    GetTime1                                 0x20000490   Data          20  main.o(.bss)
    hrtc                                     0x200004a4   Data          32  rtc.o(.bss)
    htim1                                    0x200004c4   Data          72  tim.o(.bss)
    huart1                                   0x2000050c   Data         132  usart.o(.bss)
    wifi_data_process_buf                    0x20000590   Data          31  system.o(.bss)
    wifi_uart_rx_buf                         0x200005af   Data          23  system.o(.bss)
    wifi_uart_tx_buf                         0x200005c6   Data          55  system.o(.bss)
    __initial_sp                             0x20000a00   Data           0  startup_stm32f030x6.o(STACK)



==============================================================================

Memory Map of the image

  Image Entry point : 0x080000b1

  Load Region LR_IROM1 (Base: 0x08000000, Size: 0x00002f20, Max: 0x00004000, ABSOLUTE)

    Execution Region ER_IROM1 (Exec base: 0x08000000, Load base: 0x08000000, Size: 0x00002ea4, Max: 0x00004000, ABSOLUTE)

    Exec Addr    Load Addr    Size         Type   Attr      Idx    E Section Name        Object

    0x08000000   0x08000000   0x000000b0   Data   RO            3    RESET               startup_stm32f030x6.o
    0x080000b0   0x080000b0   0x00000000   Code   RO         4357  * .ARM.Collect$$$$00000000  mc_p.l(entry.o)
    0x080000b0   0x080000b0   0x00000004   Code   RO         4639    .ARM.Collect$$$$00000001  mc_p.l(entry2.o)
    0x080000b4   0x080000b4   0x00000004   Code   RO         4642    .ARM.Collect$$$$00000004  mc_p.l(entry5.o)
    0x080000b8   0x080000b8   0x00000000   Code   RO         4644    .ARM.Collect$$$$00000008  mc_p.l(entry7b.o)
    0x080000b8   0x080000b8   0x00000000   Code   RO         4646    .ARM.Collect$$$$0000000A  mc_p.l(entry8b.o)
    0x080000b8   0x080000b8   0x00000008   Code   RO         4647    .ARM.Collect$$$$0000000B  mc_p.l(entry9a.o)
    0x080000c0   0x080000c0   0x00000004   Code   RO         4654    .ARM.Collect$$$$0000000E  mc_p.l(entry12b.o)
    0x080000c4   0x080000c4   0x00000000   Code   RO         4649    .ARM.Collect$$$$0000000F  mc_p.l(entry10a.o)
    0x080000c4   0x080000c4   0x00000000   Code   RO         4651    .ARM.Collect$$$$00000011  mc_p.l(entry11a.o)
    0x080000c4   0x080000c4   0x00000004   Code   RO         4640    .ARM.Collect$$$$00002712  mc_p.l(entry2.o)
    0x080000c8   0x080000c8   0x0000001c   Code   RO            4    .text               startup_stm32f030x6.o
    0x080000e4   0x080000e4   0x0000002c   Code   RO         4360    .text               mc_p.l(uidiv.o)
    0x08000110   0x08000110   0x00000060   Code   RO         4364    .text               mc_p.l(uldiv.o)
    0x08000170   0x08000170   0x00000022   Code   RO         4366    .text               mc_p.l(llushr.o)
    0x08000192   0x08000192   0x00000024   Code   RO         4370    .text               mc_p.l(memseta.o)
    0x080001b6   0x080001b6   0x00000020   Code   RO         4656    .text               mc_p.l(llshl.o)
    0x080001d6   0x080001d6   0x00000002   PAD
    0x080001d8   0x080001d8   0x00000024   Code   RO         4669    .text               mc_p.l(init.o)
    0x080001fc   0x080001fc   0x0000001e   Code   RO         3861    i.DHT11_Mode_OUT_PP  dht11.o
    0x0800021a   0x0800021a   0x0000005a   Code   RO         3862    i.DHT11_ReadByte    dht11.o
    0x08000274   0x08000274   0x000000ae   Code   RO         3863    i.DHT11_ReadData    dht11.o
    0x08000322   0x08000322   0x00000004   Code   RO          170    i.Error_Handler     main.o
    0x08000326   0x08000326   0x00000040   Code   RO         1635    i.HAL_DMA_Abort     stm32f0xx_hal_dma.o
    0x08000366   0x08000366   0x00000048   Code   RO         1636    i.HAL_DMA_Abort_IT  stm32f0xx_hal_dma.o
    0x080003ae   0x080003ae   0x00000002   PAD
    0x080003b0   0x080003b0   0x00000170   Code   RO         1574    i.HAL_GPIO_Init     stm32f0xx_hal_gpio.o
    0x08000520   0x08000520   0x0000000a   Code   RO         1576    i.HAL_GPIO_ReadPin  stm32f0xx_hal_gpio.o
    0x0800052a   0x0800052a   0x0000000c   Code   RO         1578    i.HAL_GPIO_WritePin  stm32f0xx_hal_gpio.o
    0x08000536   0x08000536   0x00000002   PAD
    0x08000538   0x08000538   0x0000000c   Code   RO          926    i.HAL_GetTick       stm32f0xx_hal.o
    0x08000544   0x08000544   0x00000010   Code   RO          932    i.HAL_IncTick       stm32f0xx_hal.o
    0x08000554   0x08000554   0x00000020   Code   RO          933    i.HAL_Init          stm32f0xx_hal.o
    0x08000574   0x08000574   0x00000044   Code   RO          934    i.HAL_InitTick      stm32f0xx_hal.o
    0x080005b8   0x080005b8   0x00000028   Code   RO          462    i.HAL_MspInit       stm32f0xx_hal_msp.o
    0x080005e0   0x080005e0   0x00000018   Code   RO         1733    i.HAL_NVIC_EnableIRQ  stm32f0xx_hal_cortex.o
    0x080005f8   0x080005f8   0x00000008   Code   RO         1737    i.HAL_NVIC_SetPriority  stm32f0xx_hal_cortex.o
    0x08000600   0x08000600   0x000000e8   Code   RO          887    i.HAL_RCCEx_PeriphCLKConfig  stm32f0xx_hal_rcc_ex.o
    0x080006e8   0x080006e8   0x00000108   Code   RO          792    i.HAL_RCC_ClockConfig  stm32f0xx_hal_rcc.o
    0x080007f0   0x080007f0   0x00000020   Code   RO          799    i.HAL_RCC_GetPCLK1Freq  stm32f0xx_hal_rcc.o
    0x08000810   0x08000810   0x00000080   Code   RO          800    i.HAL_RCC_GetSysClockFreq  stm32f0xx_hal_rcc.o
    0x08000890   0x08000890   0x00000388   Code   RO          803    i.HAL_RCC_OscConfig  stm32f0xx_hal_rcc.o
    0x08000c18   0x08000c18   0x00000044   Code   RO          492    i.HAL_RTC_GetDate   stm32f0xx_hal_rtc.o
    0x08000c5c   0x08000c5c   0x0000005c   Code   RO          494    i.HAL_RTC_GetTime   stm32f0xx_hal_rtc.o
    0x08000cb8   0x08000cb8   0x000000b4   Code   RO          495    i.HAL_RTC_Init      stm32f0xx_hal_rtc.o
    0x08000d6c   0x08000d6c   0x00000020   Code   RO          283    i.HAL_RTC_MspInit   rtc.o
    0x08000d8c   0x08000d8c   0x000000bc   Code   RO          501    i.HAL_RTC_SetDate   stm32f0xx_hal_rtc.o
    0x08000e48   0x08000e48   0x000000dc   Code   RO          502    i.HAL_RTC_SetTime   stm32f0xx_hal_rtc.o
    0x08000f24   0x08000f24   0x00000034   Code   RO          503    i.HAL_RTC_WaitForSynchro  stm32f0xx_hal_rtc.o
    0x08000f58   0x08000f58   0x00000018   Code   RO         1739    i.HAL_SYSTICK_CLKSourceConfig  stm32f0xx_hal_cortex.o
    0x08000f70   0x08000f70   0x00000030   Code   RO         1741    i.HAL_SYSTICK_Config  stm32f0xx_hal_cortex.o
    0x08000fa0   0x08000fa0   0x00000002   Code   RO         2865    i.HAL_TIMEx_BreakCallback  stm32f0xx_hal_tim_ex.o
    0x08000fa2   0x08000fa2   0x00000002   Code   RO         2866    i.HAL_TIMEx_CommutCallback  stm32f0xx_hal_tim_ex.o
    0x08000fa4   0x08000fa4   0x00000050   Code   RO         2884    i.HAL_TIMEx_MasterConfigSynchronization  stm32f0xx_hal_tim_ex.o
    0x08000ff4   0x08000ff4   0x00000048   Code   RO         2165    i.HAL_TIM_Base_Init  stm32f0xx_hal_tim.o
    0x0800103c   0x0800103c   0x00000034   Code   RO          321    i.HAL_TIM_Base_MspInit  tim.o
    0x08001070   0x08001070   0x00000048   Code   RO         2170    i.HAL_TIM_Base_Start_IT  stm32f0xx_hal_tim.o
    0x080010b8   0x080010b8   0x000000d0   Code   RO         2174    i.HAL_TIM_ConfigClockSource  stm32f0xx_hal_tim.o
    0x08001188   0x08001188   0x00000002   Code   RO         2199    i.HAL_TIM_IC_CaptureCallback  stm32f0xx_hal_tim.o
    0x0800118a   0x0800118a   0x00000162   Code   RO         2213    i.HAL_TIM_IRQHandler  stm32f0xx_hal_tim.o
    0x080012ec   0x080012ec   0x00000002   Code   RO         2216    i.HAL_TIM_OC_DelayElapsedCallback  stm32f0xx_hal_tim.o
    0x080012ee   0x080012ee   0x00000002   Code   RO         2243    i.HAL_TIM_PWM_PulseFinishedCallback  stm32f0xx_hal_tim.o
    0x080012f0   0x080012f0   0x0000001c   Code   RO          171    i.HAL_TIM_PeriodElapsedCallback  main.o
    0x0800130c   0x0800130c   0x00000002   Code   RO         2256    i.HAL_TIM_TriggerCallback  stm32f0xx_hal_tim.o
    0x0800130e   0x0800130e   0x00000002   Code   RO         3135    i.HAL_UARTEx_RxEventCallback  stm32f0xx_hal_uart.o
    0x08001310   0x08001310   0x00000002   Code   RO         3151    i.HAL_UART_ErrorCallback  stm32f0xx_hal_uart.o
    0x08001312   0x08001312   0x00000002   PAD
    0x08001314   0x08001314   0x00000208   Code   RO         3154    i.HAL_UART_IRQHandler  stm32f0xx_hal_uart.o
    0x0800151c   0x0800151c   0x0000006a   Code   RO         3155    i.HAL_UART_Init     stm32f0xx_hal_uart.o
    0x08001586   0x08001586   0x00000002   PAD
    0x08001588   0x08001588   0x00000070   Code   RO          359    i.HAL_UART_MspInit  usart.o
    0x080015f8   0x080015f8   0x00000056   Code   RO         3160    i.HAL_UART_Receive_IT  stm32f0xx_hal_uart.o
    0x0800164e   0x0800164e   0x00000002   PAD
    0x08001650   0x08001650   0x00000078   Code   RO          172    i.HAL_UART_RxCpltCallback  main.o
    0x080016c8   0x080016c8   0x000000d2   Code   RO         3164    i.HAL_UART_Transmit  stm32f0xx_hal_uart.o
    0x0800179a   0x0800179a   0x00000002   Code   RO         3167    i.HAL_UART_TxCpltCallback  stm32f0xx_hal_uart.o
    0x0800179c   0x0800179c   0x00000002   Code   RO          402    i.HardFault_Handler  stm32f0xx_it.o
    0x0800179e   0x0800179e   0x00000002   PAD
    0x080017a0   0x080017a0   0x00000080   Code   RO         3981    i.KEY_Scan          key.o
    0x08001820   0x08001820   0x000000c8   Code   RO          262    i.MX_GPIO_Init      gpio.o
    0x080018e8   0x080018e8   0x00000080   Code   RO          284    i.MX_RTC_Init       rtc.o
    0x08001968   0x08001968   0x00000070   Code   RO          322    i.MX_TIM1_Init      tim.o
    0x080019d8   0x080019d8   0x00000038   Code   RO          360    i.MX_USART1_UART_Init  usart.o
    0x08001a10   0x08001a10   0x00000002   Code   RO          403    i.NMI_Handler       stm32f0xx_it.o
    0x08001a12   0x08001a12   0x00000002   Code   RO          404    i.PendSV_Handler    stm32f0xx_it.o
    0x08001a14   0x08001a14   0x00000010   Code   RO          504    i.RTC_Bcd2ToByte    stm32f0xx_hal_rtc.o
    0x08001a24   0x08001a24   0x00000016   Code   RO          505    i.RTC_ByteToBcd2    stm32f0xx_hal_rtc.o
    0x08001a3a   0x08001a3a   0x00000038   Code   RO          506    i.RTC_EnterInitMode  stm32f0xx_hal_rtc.o
    0x08001a72   0x08001a72   0x00000002   Code   RO          405    i.SVC_Handler       stm32f0xx_it.o
    0x08001a74   0x08001a74   0x00000008   Code   RO          406    i.SysTick_Handler   stm32f0xx_it.o
    0x08001a7c   0x08001a7c   0x0000007c   Code   RO          173    i.SystemClock_Config  main.o
    0x08001af8   0x08001af8   0x00000002   Code   RO         3549    i.SystemInit        system_stm32f0xx.o
    0x08001afa   0x08001afa   0x00000002   PAD
    0x08001afc   0x08001afc   0x00000010   Code   RO          407    i.TIM1_BRK_UP_TRG_COM_IRQHandler  stm32f0xx_it.o
    0x08001b0c   0x08001b0c   0x00000078   Code   RO         2258    i.TIM_Base_SetConfig  stm32f0xx_hal_tim.o
    0x08001b84   0x08001b84   0x00000016   Code   RO         2269    i.TIM_ETR_SetConfig  stm32f0xx_hal_tim.o
    0x08001b9a   0x08001b9a   0x00000010   Code   RO         2270    i.TIM_ITRx_SetConfig  stm32f0xx_hal_tim.o
    0x08001baa   0x08001baa   0x00000022   Code   RO         2276    i.TIM_TI1_ConfigInputStage  stm32f0xx_hal_tim.o
    0x08001bcc   0x08001bcc   0x00000026   Code   RO         2278    i.TIM_TI2_ConfigInputStage  stm32f0xx_hal_tim.o
    0x08001bf2   0x08001bf2   0x0000000a   Code   RO         3893    i.TM1620_Init       tm1620.o
    0x08001bfc   0x08001bfc   0x00000030   Code   RO         3894    i.TM1620_Init_Test  tm1620.o
    0x08001c2c   0x08001c2c   0x000000c8   Code   RO         3896    i.TM1620_Print      tm1620.o
    0x08001cf4   0x08001cf4   0x0000007c   Code   RO         3897    i.TM1620_Write      tm1620.o
    0x08001d70   0x08001d70   0x00000048   Code   RO         3898    i.TM1620_Write_8bit  tm1620.o
    0x08001db8   0x08001db8   0x000000ca   Code   RO         3169    i.UART_AdvFeatureConfig  stm32f0xx_hal_uart.o
    0x08001e82   0x08001e82   0x00000002   PAD
    0x08001e84   0x08001e84   0x00000064   Code   RO         3170    i.UART_CheckIdleState  stm32f0xx_hal_uart.o
    0x08001ee8   0x08001ee8   0x00000014   Code   RO         3171    i.UART_DMAAbortOnError  stm32f0xx_hal_uart.o
    0x08001efc   0x08001efc   0x00000032   Code   RO         3181    i.UART_EndRxTransfer  stm32f0xx_hal_uart.o
    0x08001f2e   0x08001f2e   0x00000076   Code   RO         3183    i.UART_RxISR_16BIT  stm32f0xx_hal_uart.o
    0x08001fa4   0x08001fa4   0x00000076   Code   RO         3184    i.UART_RxISR_8BIT   stm32f0xx_hal_uart.o
    0x0800201a   0x0800201a   0x00000002   PAD
    0x0800201c   0x0800201c   0x0000011c   Code   RO         3185    i.UART_SetConfig    stm32f0xx_hal_uart.o
    0x08002138   0x08002138   0x00000080   Code   RO         3187    i.UART_Start_Receive_IT  stm32f0xx_hal_uart.o
    0x080021b8   0x080021b8   0x0000009e   Code   RO         3190    i.UART_WaitOnFlagUntilTimeout  stm32f0xx_hal_uart.o
    0x08002256   0x08002256   0x00000002   PAD
    0x08002258   0x08002258   0x00000010   Code   RO          408    i.USART1_IRQHandler  stm32f0xx_it.o
    0x08002268   0x08002268   0x00000028   Code   RO         4535    i.__0sprintf$6      mc_p.l(printf6.o)
    0x08002290   0x08002290   0x00000030   Code   RO          877    i.__ARM_common_ll_muluu  stm32f0xx_hal_rcc.o
    0x080022c0   0x080022c0   0x0000001a   Code   RO         1724    i.__ARM_common_switch8  stm32f0xx_hal_dma.o
    0x080022da   0x080022da   0x00000002   PAD
    0x080022dc   0x080022dc   0x00000044   Code   RO         1743    i.__NVIC_SetPriority  stm32f0xx_hal_cortex.o
    0x08002320   0x08002320   0x0000000e   Code   RO         4679    i.__scatterload_copy  mc_p.l(handlers.o)
    0x0800232e   0x0800232e   0x00000002   Code   RO         4680    i.__scatterload_null  mc_p.l(handlers.o)
    0x08002330   0x08002330   0x0000000e   Code   RO         4681    i.__scatterload_zeroinit  mc_p.l(handlers.o)
    0x0800233e   0x0800233e   0x00000002   PAD
    0x08002340   0x08002340   0x00000304   Code   RO         4540    i._printf_core      mc_p.l(printf6.o)
    0x08002644   0x08002644   0x00000020   Code   RO         4541    i._printf_post_padding  mc_p.l(printf6.o)
    0x08002664   0x08002664   0x0000002c   Code   RO         4542    i._printf_pre_padding  mc_p.l(printf6.o)
    0x08002690   0x08002690   0x0000000a   Code   RO         4544    i._sputc            mc_p.l(printf6.o)
    0x0800269a   0x0800269a   0x00000002   PAD
    0x0800269c   0x0800269c   0x00000024   Code   RO         4233    i.all_data_update   protocol.o
    0x080026c0   0x080026c0   0x00000054   Code   RO         3899    i.chToFontcode      tm1620.o
    0x08002714   0x08002714   0x00000134   Code   RO         4292    i.data_handle       system.o
    0x08002848   0x08002848   0x00000014   Code   RO           12    i.delay_init        delay.o
    0x0800285c   0x0800285c   0x0000001a   Code   RO           13    i.delay_ms          delay.o
    0x08002876   0x08002876   0x00000002   PAD
    0x08002878   0x08002878   0x00000034   Code   RO           14    i.delay_us          delay.o
    0x080028ac   0x080028ac   0x00000002   Code   RO         4234    i.dp_download_handle  protocol.o
    0x080028ae   0x080028ae   0x0000001c   Code   RO         4293    i.get_check_sum     system.o
    0x080028ca   0x080028ca   0x00000004   Code   RO         4235    i.get_download_cmd_total  protocol.o
    0x080028ce   0x080028ce   0x00000002   PAD
    0x080028d0   0x080028d0   0x000001a4   Code   RO          174    i.main              main.o
    0x08002a74   0x08002a74   0x00000054   Code   RO         4035    i.mcu_dp_value_update  mcu_api.o
    0x08002ac8   0x08002ac8   0x00000002   Code   RO         4236    i.mcu_get_greentime  protocol.o
    0x08002aca   0x08002aca   0x0000000e   Code   RO         4041    i.mcu_get_system_time  mcu_api.o
    0x08002ad8   0x08002ad8   0x0000000c   Code   RO         4042    i.mcu_get_wifi_work_state  mcu_api.o
    0x08002ae4   0x08002ae4   0x00000020   Code   RO         4045    i.mcu_set_wifi_mode  mcu_api.o
    0x08002b04   0x08002b04   0x0000004c   Code   RO         4237    i.mcu_write_rtctime  protocol.o
    0x08002b50   0x08002b50   0x00000040   Code   RO         4047    i.my_memcpy         mcu_api.o
    0x08002b90   0x08002b90   0x00000016   Code   RO         4051    i.my_strlen         mcu_api.o
    0x08002ba6   0x08002ba6   0x00000002   PAD
    0x08002ba8   0x08002ba8   0x000000c8   Code   RO         4294    i.product_info_update  system.o
    0x08002c70   0x08002c70   0x0000001c   Code   RO         4295    i.set_wifi_uart_buffer  system.o
    0x08002c8c   0x08002c8c   0x00000010   Code   RO         4296    i.set_wifi_uart_byte  system.o
    0x08002c9c   0x08002c9c   0x00000028   Code   RO         4297    i.take_byte_rxbuff  system.o
    0x08002cc4   0x08002cc4   0x0000001c   Code   RO         3900    i.u16ToDisplayArray  tm1620.o
    0x08002ce0   0x08002ce0   0x0000003c   Code   RO         4053    i.uart_receive_input  mcu_api.o
    0x08002d1c   0x08002d1c   0x00000014   Code   RO         4238    i.uart_transmit_output  protocol.o
    0x08002d30   0x08002d30   0x0000002c   Code   RO         4054    i.wifi_protocol_init  mcu_api.o
    0x08002d5c   0x08002d5c   0x00000002   Code   RO         4239    i.wifi_test_result  protocol.o
    0x08002d5e   0x08002d5e   0x00000002   PAD
    0x08002d60   0x08002d60   0x000000a8   Code   RO         4055    i.wifi_uart_service  mcu_api.o
    0x08002e08   0x08002e08   0x00000048   Code   RO         4298    i.wifi_uart_write_frame  system.o
    0x08002e50   0x08002e50   0x00000018   Code   RO         4299    i.with_data_rxbuff  system.o
    0x08002e68   0x08002e68   0x00000010   Data   RO         3550    .constdata          system_stm32f0xx.o
    0x08002e78   0x08002e78   0x00000008   Data   RO         3551    .constdata          system_stm32f0xx.o
    0x08002e80   0x08002e80   0x00000004   Data   RO         4240    .constdata          protocol.o
    0x08002e84   0x08002e84   0x00000020   Data   RO         4677    Region$$Table       anon$$obj.o


    Execution Region RW_IRAM1 (Exec base: 0x20000000, Load base: 0x08002ea4, Size: 0x00000a00, Max: 0x00001000, ABSOLUTE)

    Exec Addr    Load Addr    Size         Type   Attr      Idx    E Section Name        Object

    0x20000000   0x08002ea4   0x00000004   Data   RW           15    .data               delay.o
    0x20000004   0x08002ea8   0x00000033   Data   RW          178    .data               main.o
    0x20000037   0x08002edb   0x00000004   Data   RW          179    .data               main.o
    0x2000003b   0x08002edf   0x00000001   PAD
    0x2000003c   0x08002ee0   0x0000000c   Data   RW          940    .data               stm32f0xx_hal.o
    0x20000048   0x08002eec   0x00000004   Data   RW         3552    .data               system_stm32f0xx.o
    0x2000004c   0x08002ef0   0x0000001b   Data   RW         3901    .data               tm1620.o
    0x20000067   0x08002f0b   0x00000001   Data   RW         3982    .data               key.o
    0x20000068   0x08002f0c   0x00000002   Data   RW         4056    .data               mcu_api.o
    0x2000006a   0x08002f0e   0x00000002   PAD
    0x2000006c   0x08002f10   0x0000000c   Data   RW         4301    .data               system.o
    0x20000078   0x08002f1c   0x00000001   Data   RW         4302    .data               system.o
    0x20000079   0x08002f1d   0x00000003   PAD
    0x2000007c        -       0x00000428   Zero   RW          175    .bss                main.o
    0x200004a4        -       0x00000020   Zero   RW          285    .bss                rtc.o
    0x200004c4        -       0x00000048   Zero   RW          323    .bss                tim.o
    0x2000050c        -       0x00000084   Zero   RW          362    .bss                usart.o
    0x20000590        -       0x0000006d   Zero   RW         4300    .bss                system.o
    0x200005fd   0x08002f1d   0x00000003   PAD
    0x20000600        -       0x00000400   Zero   RW            1    STACK               startup_stm32f030x6.o


==============================================================================

Image component sizes


      Code (inc. data)   RO Data    RW Data    ZI Data      Debug   Object Name

        98         12          0          4          0     278635   delay.o
       294          0          0          0          0       2218   dht11.o
       200         10          0          0          0        955   gpio.o
       128          4          0          1          0        651   key.o
       696         88          0         55       1064       4768   main.o
       500         58          0          2          0       6684   mcu_api.o
       142         24          4          0          0       4021   protocol.o
       160         24          0          0         32       1531   rtc.o
        28          8        176          0       1024        636   startup_stm32f030x6.o
       128         26          0         12          0       7245   stm32f0xx_hal.o
       172         28          0          0          0      10935   stm32f0xx_hal_cortex.o
       162          0          0          0          0       1827   stm32f0xx_hal_dma.o
       390         24          0          0          0       2943   stm32f0xx_hal_gpio.o
        40          6          0          0          0        834   stm32f0xx_hal_msp.o
      1376         92          0          0          0       4669   stm32f0xx_hal_rcc.o
       232         14          0          0          0       1372   stm32f0xx_hal_rcc_ex.o
       894         18          0          0          0       7172   stm32f0xx_hal_rtc.o
       944         30          0          0          0       9469   stm32f0xx_hal_tim.o
        84          8          0          0          0       2377   stm32f0xx_hal_tim_ex.o
      2106         50          0          0          0      13433   stm32f0xx_hal_uart.o
        48         12          0          0          0       3108   stm32f0xx_it.o
       716        110          0         13        109       8211   system.o
         2          0         24          4          0       1131   system_stm32f0xx.o
       164         20          0          0         72       1646   tim.o
       566         34          0         27          0       5669   tm1620.o
       168         16          0          0        132       1730   usart.o

    ----------------------------------------------------------------------
     10468        716        236        124       2436     383870   Object Totals
         0          0         32          0          0          0   (incl. Generated)
        30          0          0          6          3          0   (incl. Padding)

    ----------------------------------------------------------------------

      Code (inc. data)   RO Data    RW Data    ZI Data      Debug   Library Member Name

         0          0          0          0          0          0   entry.o
         0          0          0          0          0          0   entry10a.o
         0          0          0          0          0          0   entry11a.o
         4          0          0          0          0          0   entry12b.o
         8          4          0          0          0          0   entry2.o
         4          0          0          0          0          0   entry5.o
         0          0          0          0          0          0   entry7b.o
         0          0          0          0          0          0   entry8b.o
         8          4          0          0          0          0   entry9a.o
        30          0          0          0          0          0   handlers.o
        36          8          0          0          0         68   init.o
        32          0          0          0          0         68   llshl.o
        34          0          0          0          0         68   llushr.o
        36          0          0          0          0        100   memseta.o
       898          8          0          0          0        384   printf6.o
        44          0          0          0          0         72   uidiv.o
        96          0          0          0          0         84   uldiv.o

    ----------------------------------------------------------------------
      1236         24          0          0          0        844   Library Totals
         6          0          0          0          0          0   (incl. Padding)

    ----------------------------------------------------------------------

      Code (inc. data)   RO Data    RW Data    ZI Data      Debug   Library Name

      1230         24          0          0          0        844   mc_p.l

    ----------------------------------------------------------------------
      1236         24          0          0          0        844   Library Totals

    ----------------------------------------------------------------------

==============================================================================


      Code (inc. data)   RO Data    RW Data    ZI Data      Debug   

     11704        740        236        124       2436     379366   Grand Totals
     11704        740        236        124       2436     379366   ELF Image Totals
     11704        740        236        124          0          0   ROM Totals

==============================================================================

    Total RO  Size (Code + RO Data)                11940 (  11.66kB)
    Total RW  Size (RW Data + ZI Data)              2560 (   2.50kB)
    Total ROM Size (Code + RO Data + RW Data)      12064 (  11.78kB)

==============================================================================

